18:44:07 **** Clean-only build of configuration Debug for project xmc1100_freertos_spi_slave ****
"\"C:\\cp\\DAVE442\\eclipse\\ARM-GCC-49\\bin\\make\"" --output-sync -j4 clean 
rm -rf  ./Startup/startup_XMC1100.o ./Startup/system_XMC1100.o  ./Libraries/XMCLib/src/xmc1_eru.o ./Libraries/XMCLib/src/xmc1_flash.o ./Libraries/XMCLib/src/xmc1_gpio.o ./Libraries/XMCLib/src/xmc1_rtc.o ./Libraries/XMCLib/src/xmc1_scu.o ./Libraries/XMCLib/src/xmc_acmp.o ./Libraries/XMCLib/src/xmc_bccu.o ./Libraries/XMCLib/src/xmc_can.o ./Libraries/XMCLib/src/xmc_ccu4.o ./Libraries/XMCLib/src/xmc_ccu8.o ./Libraries/XMCLib/src/xmc_common.o ./Libraries/XMCLib/src/xmc_eru.o ./Libraries/XMCLib/src/xmc_gpio.o ./Libraries/XMCLib/src/xmc_i2c.o ./Libraries/XMCLib/src/xmc_i2s.o ./Libraries/XMCLib/src/xmc_ledts.o ./Libraries/XMCLib/src/xmc_math.o ./Libraries/XMCLib/src/xmc_pau.o ./Libraries/XMCLib/src/xmc_posif.o ./Libraries/XMCLib/src/xmc_prng.o ./Libraries/XMCLib/src/xmc_rtc.o ./Libraries/XMCLib/src/xmc_spi.o ./Libraries/XMCLib/src/xmc_uart.o ./Libraries/XMCLib/src/xmc_usic.o ./Libraries/XMCLib/src/xmc_vadc.o ./Libraries/XMCLib/src/xmc_wdt.o  ./Libraries/Newlib/syscalls.o  ./Dave/Generated/UART/uart.o ./Dave/Generated/UART/uart_conf.o  ./Dave/Generated/SPI_SLAVE/spi_slave.o ./Dave/Generated/SPI_SLAVE/spi_slave_conf.o  ./Dave/Generated/FREERTOS/portable/Keil/port.o  ./Dave/Generated/FREERTOS/portable/IAR/port.o ./Dave/Generated/FREERTOS/portable/IAR/portasm.o  ./Dave/Generated/FREERTOS/portable/GCC/port.o  ./Dave/Generated/FREERTOS/croutine.o ./Dave/Generated/FREERTOS/event_groups.o ./Dave/Generated/FREERTOS/freertos.o ./Dave/Generated/FREERTOS/heap.o ./Dave/Generated/FREERTOS/list.o ./Dave/Generated/FREERTOS/mpu_wrappers.o ./Dave/Generated/FREERTOS/queue.o ./Dave/Generated/FREERTOS/stream_buffer.o ./Dave/Generated/FREERTOS/tasks.o ./Dave/Generated/FREERTOS/timers.o  ./Dave/Generated/DIGITAL_IO/digital_io.o ./Dave/Generated/DIGITAL_IO/digital_io_conf.o  ./Dave/Generated/CPU_CTRL_XMC1/cpu_ctrl_xmc1.o ./Dave/Generated/CPU_CTRL_XMC1/cpu_ctrl_xmc1_conf.o  ./Dave/Generated/CLOCK_XMC1/clock_xmc1.o ./Dave/Generated/CLOCK_XMC1/clock_xmc1_conf.o  ./Dave/Generated/DAVE.o  ./ManagerTask.o ./SpiTask.o ./UartTask.o ./Worker1Task.o ./Worker2Task.o ./main.o  xmc1100_freertos_spi_slave.hex  xmc1100_freertos_spi_slave.lst  xmc1100_freertos_spi_slave.siz  ./Dave/Generated/FREERTOS/portable/IAR/portasm.d  ./Startup/startup_XMC1100.d  ./Startup/system_XMC1100.d  ./Libraries/XMCLib/src/xmc1_eru.d ./Libraries/XMCLib/src/xmc1_flash.d ./Libraries/XMCLib/src/xmc1_gpio.d ./Libraries/XMCLib/src/xmc1_rtc.d ./Libraries/XMCLib/src/xmc1_scu.d ./Libraries/XMCLib/src/xmc_acmp.d ./Libraries/XMCLib/src/xmc_bccu.d ./Libraries/XMCLib/src/xmc_can.d ./Libraries/XMCLib/src/xmc_ccu4.d ./Libraries/XMCLib/src/xmc_ccu8.d ./Libraries/XMCLib/src/xmc_common.d ./Libraries/XMCLib/src/xmc_eru.d ./Libraries/XMCLib/src/xmc_gpio.d ./Libraries/XMCLib/src/xmc_i2c.d ./Libraries/XMCLib/src/xmc_i2s.d ./Libraries/XMCLib/src/xmc_ledts.d ./Libraries/XMCLib/src/xmc_math.d ./Libraries/XMCLib/src/xmc_pau.d ./Libraries/XMCLib/src/xmc_posif.d ./Libraries/XMCLib/src/xmc_prng.d ./Libraries/XMCLib/src/xmc_rtc.d ./Libraries/XMCLib/src/xmc_spi.d ./Libraries/XMCLib/src/xmc_uart.d ./Libraries/XMCLib/src/xmc_usic.d ./Libraries/XMCLib/src/xmc_vadc.d ./Libraries/XMCLib/src/xmc_wdt.d  ./Libraries/Newlib/syscalls.d  ./Dave/Generated/UART/uart.d ./Dave/Generated/UART/uart_conf.d  ./Dave/Generated/SPI_SLAVE/spi_slave.d ./Dave/Generated/SPI_SLAVE/spi_slave_conf.d  ./Dave/Generated/FREERTOS/portable/Keil/port.d  ./Dave/Generated/FREERTOS/portable/IAR/port.d  ./Dave/Generated/FREERTOS/portable/GCC/port.d  ./Dave/Generated/FREERTOS/croutine.d ./Dave/Generated/FREERTOS/event_groups.d ./Dave/Generated/FREERTOS/freertos.d ./Dave/Generated/FREERTOS/heap.d ./Dave/Generated/FREERTOS/list.d ./Dave/Generated/FREERTOS/mpu_wrappers.d ./Dave/Generated/FREERTOS/queue.d ./Dave/Generated/FREERTOS/stream_buffer.d ./Dave/Generated/FREERTOS/tasks.d ./Dave/Generated/FREERTOS/timers.d  ./Dave/Generated/DIGITAL_IO/digital_io.d ./Dave/Generated/DIGITAL_IO/digital_io_conf.d  ./Dave/Generated/CPU_CTRL_XMC1/cpu_ctrl_xmc1.d ./Dave/Generated/CPU_CTRL_XMC1/cpu_ctrl_xmc1_conf.d  ./Dave/Generated/CLOCK_XMC1/clock_xmc1.d ./Dave/Generated/CLOCK_XMC1/clock_xmc1_conf.d  ./Dave/Generated/DAVE.d  ./ManagerTask.d ./SpiTask.d ./UartTask.d ./Worker1Task.d ./Worker2Task.d ./main.d  xmc1100_freertos_spi_slave.elf ./Startup/startup_XMC1100.o.lst ./Startup/system_XMC1100.o.lst ./Libraries/XMCLib/src/xmc1_eru.o.lst ./Libraries/XMCLib/src/xmc1_flash.o.lst ./Libraries/XMCLib/src/xmc1_gpio.o.lst ./Libraries/XMCLib/src/xmc1_rtc.o.lst ./Libraries/XMCLib/src/xmc1_scu.o.lst ./Libraries/XMCLib/src/xmc_acmp.o.lst ./Libraries/XMCLib/src/xmc_bccu.o.lst ./Libraries/XMCLib/src/xmc_can.o.lst ./Libraries/XMCLib/src/xmc_ccu4.o.lst ./Libraries/XMCLib/src/xmc_ccu8.o.lst ./Libraries/XMCLib/src/xmc_common.o.lst ./Libraries/XMCLib/src/xmc_eru.o.lst ./Libraries/XMCLib/src/xmc_gpio.o.lst ./Libraries/XMCLib/src/xmc_i2c.o.lst ./Libraries/XMCLib/src/xmc_i2s.o.lst ./Libraries/XMCLib/src/xmc_ledts.o.lst ./Libraries/XMCLib/src/xmc_math.o.lst ./Libraries/XMCLib/src/xmc_pau.o.lst ./Libraries/XMCLib/src/xmc_posif.o.lst ./Libraries/XMCLib/src/xmc_prng.o.lst ./Libraries/XMCLib/src/xmc_rtc.o.lst ./Libraries/XMCLib/src/xmc_spi.o.lst ./Libraries/XMCLib/src/xmc_uart.o.lst ./Libraries/XMCLib/src/xmc_usic.o.lst ./Libraries/XMCLib/src/xmc_vadc.o.lst ./Libraries/XMCLib/src/xmc_wdt.o.lst ./Libraries/Newlib/syscalls.o.lst ./Dave/Generated/UART/uart.o.lst ./Dave/Generated/UART/uart_conf.o.lst ./Dave/Generated/SPI_SLAVE/spi_slave.o.lst ./Dave/Generated/SPI_SLAVE/spi_slave_conf.o.lst ./Dave/Generated/FREERTOS/portable/Keil/port.o.lst ./Dave/Generated/FREERTOS/portable/IAR/port.o.lst ./Dave/Generated/FREERTOS/portable/IAR/portasm.o.lst ./Dave/Generated/FREERTOS/portable/GCC/port.o.lst ./Dave/Generated/FREERTOS/croutine.o.lst ./Dave/Generated/FREERTOS/event_groups.o.lst ./Dave/Generated/FREERTOS/freertos.o.lst ./Dave/Generated/FREERTOS/heap.o.lst ./Dave/Generated/FREERTOS/list.o.lst ./Dave/Generated/FREERTOS/mpu_wrappers.o.lst ./Dave/Generated/FREERTOS/queue.o.lst ./Dave/Generated/FREERTOS/stream_buffer.o.lst ./Dave/Generated/FREERTOS/tasks.o.lst ./Dave/Generated/FREERTOS/timers.o.lst ./Dave/Generated/DIGITAL_IO/digital_io.o.lst ./Dave/Generated/DIGITAL_IO/digital_io_conf.o.lst ./Dave/Generated/CPU_CTRL_XMC1/cpu_ctrl_xmc1.o.lst ./Dave/Generated/CPU_CTRL_XMC1/cpu_ctrl_xmc1_conf.o.lst ./Dave/Generated/CLOCK_XMC1/clock_xmc1.o.lst ./Dave/Generated/CLOCK_XMC1/clock_xmc1_conf.o.lst ./Dave/Generated/DAVE.o.lst ./ManagerTask.o.lst ./SpiTask.o.lst ./UartTask.o.lst ./Worker1Task.o.lst ./Worker2Task.o.lst ./main.o.lst  "xmc1100_freertos_spi_slave.map" objects.rsp

18:44:21 **** Clean-only build of configuration Debug for project xmc1100_freertos_spi_slave ****
"\"C:\\cp\\DAVE442\\eclipse\\ARM-GCC-49\\bin\\make\"" --output-sync -j4 clean 
rm -rf  ./Startup/startup_XMC1100.o ./Startup/system_XMC1100.o  ./Libraries/XMCLib/src/xmc1_eru.o ./Libraries/XMCLib/src/xmc1_flash.o ./Libraries/XMCLib/src/xmc1_gpio.o ./Libraries/XMCLib/src/xmc1_rtc.o ./Libraries/XMCLib/src/xmc1_scu.o ./Libraries/XMCLib/src/xmc_acmp.o ./Libraries/XMCLib/src/xmc_bccu.o ./Libraries/XMCLib/src/xmc_can.o ./Libraries/XMCLib/src/xmc_ccu4.o ./Libraries/XMCLib/src/xmc_ccu8.o ./Libraries/XMCLib/src/xmc_common.o ./Libraries/XMCLib/src/xmc_eru.o ./Libraries/XMCLib/src/xmc_gpio.o ./Libraries/XMCLib/src/xmc_i2c.o ./Libraries/XMCLib/src/xmc_i2s.o ./Libraries/XMCLib/src/xmc_ledts.o ./Libraries/XMCLib/src/xmc_math.o ./Libraries/XMCLib/src/xmc_pau.o ./Libraries/XMCLib/src/xmc_posif.o ./Libraries/XMCLib/src/xmc_prng.o ./Libraries/XMCLib/src/xmc_rtc.o ./Libraries/XMCLib/src/xmc_spi.o ./Libraries/XMCLib/src/xmc_uart.o ./Libraries/XMCLib/src/xmc_usic.o ./Libraries/XMCLib/src/xmc_vadc.o ./Libraries/XMCLib/src/xmc_wdt.o  ./Libraries/Newlib/syscalls.o  ./Dave/Generated/UART/uart.o ./Dave/Generated/UART/uart_conf.o  ./Dave/Generated/SPI_SLAVE/spi_slave.o ./Dave/Generated/SPI_SLAVE/spi_slave_conf.o  ./Dave/Generated/FREERTOS/portable/Keil/port.o  ./Dave/Generated/FREERTOS/portable/IAR/port.o ./Dave/Generated/FREERTOS/portable/IAR/portasm.o  ./Dave/Generated/FREERTOS/portable/GCC/port.o  ./Dave/Generated/FREERTOS/croutine.o ./Dave/Generated/FREERTOS/event_groups.o ./Dave/Generated/FREERTOS/freertos.o ./Dave/Generated/FREERTOS/heap.o ./Dave/Generated/FREERTOS/list.o ./Dave/Generated/FREERTOS/mpu_wrappers.o ./Dave/Generated/FREERTOS/queue.o ./Dave/Generated/FREERTOS/stream_buffer.o ./Dave/Generated/FREERTOS/tasks.o ./Dave/Generated/FREERTOS/timers.o  ./Dave/Generated/DIGITAL_IO/digital_io.o ./Dave/Generated/DIGITAL_IO/digital_io_conf.o  ./Dave/Generated/CPU_CTRL_XMC1/cpu_ctrl_xmc1.o ./Dave/Generated/CPU_CTRL_XMC1/cpu_ctrl_xmc1_conf.o  ./Dave/Generated/CLOCK_XMC1/clock_xmc1.o ./Dave/Generated/CLOCK_XMC1/clock_xmc1_conf.o  ./Dave/Generated/DAVE.o  ./ManagerTask.o ./SpiTask.o ./UartTask.o ./Worker1Task.o ./Worker2Task.o ./main.o  xmc1100_freertos_spi_slave.hex  xmc1100_freertos_spi_slave.lst  xmc1100_freertos_spi_slave.siz  ./Dave/Generated/FREERTOS/portable/IAR/portasm.d  ./Startup/startup_XMC1100.d  ./Startup/system_XMC1100.d  ./Libraries/XMCLib/src/xmc1_eru.d ./Libraries/XMCLib/src/xmc1_flash.d ./Libraries/XMCLib/src/xmc1_gpio.d ./Libraries/XMCLib/src/xmc1_rtc.d ./Libraries/XMCLib/src/xmc1_scu.d ./Libraries/XMCLib/src/xmc_acmp.d ./Libraries/XMCLib/src/xmc_bccu.d ./Libraries/XMCLib/src/xmc_can.d ./Libraries/XMCLib/src/xmc_ccu4.d ./Libraries/XMCLib/src/xmc_ccu8.d ./Libraries/XMCLib/src/xmc_common.d ./Libraries/XMCLib/src/xmc_eru.d ./Libraries/XMCLib/src/xmc_gpio.d ./Libraries/XMCLib/src/xmc_i2c.d ./Libraries/XMCLib/src/xmc_i2s.d ./Libraries/XMCLib/src/xmc_ledts.d ./Libraries/XMCLib/src/xmc_math.d ./Libraries/XMCLib/src/xmc_pau.d ./Libraries/XMCLib/src/xmc_posif.d ./Libraries/XMCLib/src/xmc_prng.d ./Libraries/XMCLib/src/xmc_rtc.d ./Libraries/XMCLib/src/xmc_spi.d ./Libraries/XMCLib/src/xmc_uart.d ./Libraries/XMCLib/src/xmc_usic.d ./Libraries/XMCLib/src/xmc_vadc.d ./Libraries/XMCLib/src/xmc_wdt.d  ./Libraries/Newlib/syscalls.d  ./Dave/Generated/UART/uart.d ./Dave/Generated/UART/uart_conf.d  ./Dave/Generated/SPI_SLAVE/spi_slave.d ./Dave/Generated/SPI_SLAVE/spi_slave_conf.d  ./Dave/Generated/FREERTOS/portable/Keil/port.d  ./Dave/Generated/FREERTOS/portable/IAR/port.d  ./Dave/Generated/FREERTOS/portable/GCC/port.d  ./Dave/Generated/FREERTOS/croutine.d ./Dave/Generated/FREERTOS/event_groups.d ./Dave/Generated/FREERTOS/freertos.d ./Dave/Generated/FREERTOS/heap.d ./Dave/Generated/FREERTOS/list.d ./Dave/Generated/FREERTOS/mpu_wrappers.d ./Dave/Generated/FREERTOS/queue.d ./Dave/Generated/FREERTOS/stream_buffer.d ./Dave/Generated/FREERTOS/tasks.d ./Dave/Generated/FREERTOS/timers.d  ./Dave/Generated/DIGITAL_IO/digital_io.d ./Dave/Generated/DIGITAL_IO/digital_io_conf.d  ./Dave/Generated/CPU_CTRL_XMC1/cpu_ctrl_xmc1.d ./Dave/Generated/CPU_CTRL_XMC1/cpu_ctrl_xmc1_conf.d  ./Dave/Generated/CLOCK_XMC1/clock_xmc1.d ./Dave/Generated/CLOCK_XMC1/clock_xmc1_conf.d  ./Dave/Generated/DAVE.d  ./ManagerTask.d ./SpiTask.d ./UartTask.d ./Worker1Task.d ./Worker2Task.d ./main.d  xmc1100_freertos_spi_slave.elf ./Startup/startup_XMC1100.o.lst ./Startup/system_XMC1100.o.lst ./Libraries/XMCLib/src/xmc1_eru.o.lst ./Libraries/XMCLib/src/xmc1_flash.o.lst ./Libraries/XMCLib/src/xmc1_gpio.o.lst ./Libraries/XMCLib/src/xmc1_rtc.o.lst ./Libraries/XMCLib/src/xmc1_scu.o.lst ./Libraries/XMCLib/src/xmc_acmp.o.lst ./Libraries/XMCLib/src/xmc_bccu.o.lst ./Libraries/XMCLib/src/xmc_can.o.lst ./Libraries/XMCLib/src/xmc_ccu4.o.lst ./Libraries/XMCLib/src/xmc_ccu8.o.lst ./Libraries/XMCLib/src/xmc_common.o.lst ./Libraries/XMCLib/src/xmc_eru.o.lst ./Libraries/XMCLib/src/xmc_gpio.o.lst ./Libraries/XMCLib/src/xmc_i2c.o.lst ./Libraries/XMCLib/src/xmc_i2s.o.lst ./Libraries/XMCLib/src/xmc_ledts.o.lst ./Libraries/XMCLib/src/xmc_math.o.lst ./Libraries/XMCLib/src/xmc_pau.o.lst ./Libraries/XMCLib/src/xmc_posif.o.lst ./Libraries/XMCLib/src/xmc_prng.o.lst ./Libraries/XMCLib/src/xmc_rtc.o.lst ./Libraries/XMCLib/src/xmc_spi.o.lst ./Libraries/XMCLib/src/xmc_uart.o.lst ./Libraries/XMCLib/src/xmc_usic.o.lst ./Libraries/XMCLib/src/xmc_vadc.o.lst ./Libraries/XMCLib/src/xmc_wdt.o.lst ./Libraries/Newlib/syscalls.o.lst ./Dave/Generated/UART/uart.o.lst ./Dave/Generated/UART/uart_conf.o.lst ./Dave/Generated/SPI_SLAVE/spi_slave.o.lst ./Dave/Generated/SPI_SLAVE/spi_slave_conf.o.lst ./Dave/Generated/FREERTOS/portable/Keil/port.o.lst ./Dave/Generated/FREERTOS/portable/IAR/port.o.lst ./Dave/Generated/FREERTOS/portable/IAR/portasm.o.lst ./Dave/Generated/FREERTOS/portable/GCC/port.o.lst ./Dave/Generated/FREERTOS/croutine.o.lst ./Dave/Generated/FREERTOS/event_groups.o.lst ./Dave/Generated/FREERTOS/freertos.o.lst ./Dave/Generated/FREERTOS/heap.o.lst ./Dave/Generated/FREERTOS/list.o.lst ./Dave/Generated/FREERTOS/mpu_wrappers.o.lst ./Dave/Generated/FREERTOS/queue.o.lst ./Dave/Generated/FREERTOS/stream_buffer.o.lst ./Dave/Generated/FREERTOS/tasks.o.lst ./Dave/Generated/FREERTOS/timers.o.lst ./Dave/Generated/DIGITAL_IO/digital_io.o.lst ./Dave/Generated/DIGITAL_IO/digital_io_conf.o.lst ./Dave/Generated/CPU_CTRL_XMC1/cpu_ctrl_xmc1.o.lst ./Dave/Generated/CPU_CTRL_XMC1/cpu_ctrl_xmc1_conf.o.lst ./Dave/Generated/CLOCK_XMC1/clock_xmc1.o.lst ./Dave/Generated/CLOCK_XMC1/clock_xmc1_conf.o.lst ./Dave/Generated/DAVE.o.lst ./ManagerTask.o.lst ./SpiTask.o.lst ./UartTask.o.lst ./Worker1Task.o.lst ./Worker2Task.o.lst ./main.o.lst  "xmc1100_freertos_spi_slave.map" objects.rsp

18:44:22 **** Build of configuration Debug for project xmc1100_freertos_spi_slave ****
"\"C:\\cp\\DAVE442\\eclipse\\ARM-GCC-49\\bin\\make\"" --output-sync -j4 all 
'Building file: ../Startup/startup_XMC1100.S'
'Invoking: ARM-GCC Assembler'
"C:/cp/DAVE442/eclipse/ARM-GCC-49/bin/arm-none-eabi-gcc" -MMD -MT "Startup/startup_XMC1100.o" -x assembler-with-cpp -DXMC1100_Q024x0064 -I"C:/Workspaces/GitHub/embedded/infineon/xmc1100_freertos_spi_slave/Libraries/XMCLib/inc" -I"C:/Workspaces/GitHub/embedded/infineon/xmc1100_freertos_spi_slave" -I"C:/Workspaces/GitHub/embedded/infineon/xmc1100_freertos_spi_slave/Dave/Generated" -Wall -Wa,-adhlns="Startup/startup_XMC1100.o.lst" -c -fmessage-length=0 -MMD -MP -MF"Startup/startup_XMC1100.d" -MT"Startup/startup_XMC1100.d Startup/startup_XMC1100.o" -mcpu=cortex-m0 -mthumb -g -gdwarf-2 -o "Startup/startup_XMC1100.o" "../Startup/startup_XMC1100.S" 
'Finished building: ../Startup/startup_XMC1100.S'

'Building file: ../Startup/system_XMC1100.c'
'Invoking: ARM-GCC C Compiler'
"C:/cp/DAVE442/eclipse/ARM-GCC-49/bin/arm-none-eabi-gcc" -MMD -MT "Startup/system_XMC1100.o" -DXMC1100_Q024x0064 -I"C:/Workspaces/GitHub/embedded/infineon/xmc1100_freertos_spi_slave/Libraries/XMCLib/inc" -I"C:/Workspaces/GitHub/embedded/infineon/xmc1100_freertos_spi_slave/Libraries/CMSIS/Include" -I"C:/Workspaces/GitHub/embedded/infineon/xmc1100_freertos_spi_slave/Libraries/CMSIS/Infineon/XMC1100_series/Include" -I"C:/Workspaces/GitHub/embedded/infineon/xmc1100_freertos_spi_slave" -I"C:/Workspaces/GitHub/embedded/infineon/xmc1100_freertos_spi_slave/Dave/Generated" -I"C:/Workspaces/GitHub/embedded/infineon/xmc1100_freertos_spi_slave/Libraries" -O0 -ffunction-sections -fdata-sections -Wall -std=gnu99 -Wa,-adhlns="Startup/system_XMC1100.o.lst" -pipe -c -fmessage-length=0 -MMD -MP -MF"Startup/system_XMC1100.d" -MT"Startup/system_XMC1100.d Startup/system_XMC1100.o" -mcpu=cortex-m0 -mthumb -g -gdwarf-2 -o "Startup/system_XMC1100.o" "../Startup/system_XMC1100.c" 
'Finished building: ../Startup/system_XMC1100.c'

'Building file: ../Libraries/XMCLib/src/xmc1_eru.c'
'Invoking: ARM-GCC C Compiler'
"C:/cp/DAVE442/eclipse/ARM-GCC-49/bin/arm-none-eabi-gcc" -MMD -MT "Libraries/XMCLib/src/xmc1_eru.o" -DXMC1100_Q024x0064 -I"C:/Workspaces/GitHub/embedded/infineon/xmc1100_freertos_spi_slave/Libraries/XMCLib/inc" -I"C:/Workspaces/GitHub/embedded/infineon/xmc1100_freertos_spi_slave/Libraries/CMSIS/Include" -I"C:/Workspaces/GitHub/embedded/infineon/xmc1100_freertos_spi_slave/Libraries/CMSIS/Infineon/XMC1100_series/Include" -I"C:/Workspaces/GitHub/embedded/infineon/xmc1100_freertos_spi_slave" -I"C:/Workspaces/GitHub/embedded/infineon/xmc1100_freertos_spi_slave/Dave/Generated" -I"C:/Workspaces/GitHub/embedded/infineon/xmc1100_freertos_spi_slave/Libraries" -O0 -ffunction-sections -fdata-sections -Wall -std=gnu99 -Wa,-adhlns="Libraries/XMCLib/src/xmc1_eru.o.lst" -pipe -c -fmessage-length=0 -MMD -MP -MF"Libraries/XMCLib/src/xmc1_eru.d" -MT"Libraries/XMCLib/src/xmc1_eru.d Libraries/XMCLib/src/xmc1_eru.o" -mcpu=cortex-m0 -mthumb -g -gdwarf-2 -o "Libraries/XMCLib/src/xmc1_eru.o" "../Libraries/XMCLib/src/xmc1_eru.c" 
'Finished building: ../Libraries/XMCLib/src/xmc1_eru.c'

'Building file: ../Libraries/XMCLib/src/xmc1_flash.c'
'Invoking: ARM-GCC C Compiler'
"C:/cp/DAVE442/eclipse/ARM-GCC-49/bin/arm-none-eabi-gcc" -MMD -MT "Libraries/XMCLib/src/xmc1_flash.o" -DXMC1100_Q024x0064 -I"C:/Workspaces/GitHub/embedded/infineon/xmc1100_freertos_spi_slave/Libraries/XMCLib/inc" -I"C:/Workspaces/GitHub/embedded/infineon/xmc1100_freertos_spi_slave/Libraries/CMSIS/Include" -I"C:/Workspaces/GitHub/embedded/infineon/xmc1100_freertos_spi_slave/Libraries/CMSIS/Infineon/XMC1100_series/Include" -I"C:/Workspaces/GitHub/embedded/infineon/xmc1100_freertos_spi_slave" -I"C:/Workspaces/GitHub/embedded/infineon/xmc1100_freertos_spi_slave/Dave/Generated" -I"C:/Workspaces/GitHub/embedded/infineon/xmc1100_freertos_spi_slave/Libraries" -O0 -ffunction-sections -fdata-sections -Wall -std=gnu99 -Wa,-adhlns="Libraries/XMCLib/src/xmc1_flash.o.lst" -pipe -c -fmessage-length=0 -MMD -MP -MF"Libraries/XMCLib/src/xmc1_flash.d" -MT"Libraries/XMCLib/src/xmc1_flash.d Libraries/XMCLib/src/xmc1_flash.o" -mcpu=cortex-m0 -mthumb -g -gdwarf-2 -o "Libraries/XMCLib/src/xmc1_flash.o" "../Libraries/XMCLib/src/xmc1_flash.c" 
'Finished building: ../Libraries/XMCLib/src/xmc1_flash.c'

'Building file: ../Libraries/XMCLib/src/xmc1_gpio.c'
'Invoking: ARM-GCC C Compiler'
"C:/cp/DAVE442/eclipse/ARM-GCC-49/bin/arm-none-eabi-gcc" -MMD -MT "Libraries/XMCLib/src/xmc1_gpio.o" -DXMC1100_Q024x0064 -I"C:/Workspaces/GitHub/embedded/infineon/xmc1100_freertos_spi_slave/Libraries/XMCLib/inc" -I"C:/Workspaces/GitHub/embedded/infineon/xmc1100_freertos_spi_slave/Libraries/CMSIS/Include" -I"C:/Workspaces/GitHub/embedded/infineon/xmc1100_freertos_spi_slave/Libraries/CMSIS/Infineon/XMC1100_series/Include" -I"C:/Workspaces/GitHub/embedded/infineon/xmc1100_freertos_spi_slave" -I"C:/Workspaces/GitHub/embedded/infineon/xmc1100_freertos_spi_slave/Dave/Generated" -I"C:/Workspaces/GitHub/embedded/infineon/xmc1100_freertos_spi_slave/Libraries" -O0 -ffunction-sections -fdata-sections -Wall -std=gnu99 -Wa,-adhlns="Libraries/XMCLib/src/xmc1_gpio.o.lst" -pipe -c -fmessage-length=0 -MMD -MP -MF"Libraries/XMCLib/src/xmc1_gpio.d" -MT"Libraries/XMCLib/src/xmc1_gpio.d Libraries/XMCLib/src/xmc1_gpio.o" -mcpu=cortex-m0 -mthumb -g -gdwarf-2 -o "Libraries/XMCLib/src/xmc1_gpio.o" "../Libraries/XMCLib/src/xmc1_gpio.c" 
'Finished building: ../Libraries/XMCLib/src/xmc1_gpio.c'

'Building file: ../Libraries/XMCLib/src/xmc1_rtc.c'
'Invoking: ARM-GCC C Compiler'
"C:/cp/DAVE442/eclipse/ARM-GCC-49/bin/arm-none-eabi-gcc" -MMD -MT "Libraries/XMCLib/src/xmc1_rtc.o" -DXMC1100_Q024x0064 -I"C:/Workspaces/GitHub/embedded/infineon/xmc1100_freertos_spi_slave/Libraries/XMCLib/inc" -I"C:/Workspaces/GitHub/embedded/infineon/xmc1100_freertos_spi_slave/Libraries/CMSIS/Include" -I"C:/Workspaces/GitHub/embedded/infineon/xmc1100_freertos_spi_slave/Libraries/CMSIS/Infineon/XMC1100_series/Include" -I"C:/Workspaces/GitHub/embedded/infineon/xmc1100_freertos_spi_slave" -I"C:/Workspaces/GitHub/embedded/infineon/xmc1100_freertos_spi_slave/Dave/Generated" -I"C:/Workspaces/GitHub/embedded/infineon/xmc1100_freertos_spi_slave/Libraries" -O0 -ffunction-sections -fdata-sections -Wall -std=gnu99 -Wa,-adhlns="Libraries/XMCLib/src/xmc1_rtc.o.lst" -pipe -c -fmessage-length=0 -MMD -MP -MF"Libraries/XMCLib/src/xmc1_rtc.d" -MT"Libraries/XMCLib/src/xmc1_rtc.d Libraries/XMCLib/src/xmc1_rtc.o" -mcpu=cortex-m0 -mthumb -g -gdwarf-2 -o "Libraries/XMCLib/src/xmc1_rtc.o" "../Libraries/XMCLib/src/xmc1_rtc.c" 
'Finished building: ../Libraries/XMCLib/src/xmc1_rtc.c'

'Building file: ../Libraries/XMCLib/src/xmc1_scu.c'
'Invoking: ARM-GCC C Compiler'
"C:/cp/DAVE442/eclipse/ARM-GCC-49/bin/arm-none-eabi-gcc" -MMD -MT "Libraries/XMCLib/src/xmc1_scu.o" -DXMC1100_Q024x0064 -I"C:/Workspaces/GitHub/embedded/infineon/xmc1100_freertos_spi_slave/Libraries/XMCLib/inc" -I"C:/Workspaces/GitHub/embedded/infineon/xmc1100_freertos_spi_slave/Libraries/CMSIS/Include" -I"C:/Workspaces/GitHub/embedded/infineon/xmc1100_freertos_spi_slave/Libraries/CMSIS/Infineon/XMC1100_series/Include" -I"C:/Workspaces/GitHub/embedded/infineon/xmc1100_freertos_spi_slave" -I"C:/Workspaces/GitHub/embedded/infineon/xmc1100_freertos_spi_slave/Dave/Generated" -I"C:/Workspaces/GitHub/embedded/infineon/xmc1100_freertos_spi_slave/Libraries" -O0 -ffunction-sections -fdata-sections -Wall -std=gnu99 -Wa,-adhlns="Libraries/XMCLib/src/xmc1_scu.o.lst" -pipe -c -fmessage-length=0 -MMD -MP -MF"Libraries/XMCLib/src/xmc1_scu.d" -MT"Libraries/XMCLib/src/xmc1_scu.d Libraries/XMCLib/src/xmc1_scu.o" -mcpu=cortex-m0 -mthumb -g -gdwarf-2 -o "Libraries/XMCLib/src/xmc1_scu.o" "../Libraries/XMCLib/src/xmc1_scu.c" 
'Finished building: ../Libraries/XMCLib/src/xmc1_scu.c'

'Building file: ../Libraries/XMCLib/src/xmc_acmp.c'
'Invoking: ARM-GCC C Compiler'
"C:/cp/DAVE442/eclipse/ARM-GCC-49/bin/arm-none-eabi-gcc" -MMD -MT "Libraries/XMCLib/src/xmc_acmp.o" -DXMC1100_Q024x0064 -I"C:/Workspaces/GitHub/embedded/infineon/xmc1100_freertos_spi_slave/Libraries/XMCLib/inc" -I"C:/Workspaces/GitHub/embedded/infineon/xmc1100_freertos_spi_slave/Libraries/CMSIS/Include" -I"C:/Workspaces/GitHub/embedded/infineon/xmc1100_freertos_spi_slave/Libraries/CMSIS/Infineon/XMC1100_series/Include" -I"C:/Workspaces/GitHub/embedded/infineon/xmc1100_freertos_spi_slave" -I"C:/Workspaces/GitHub/embedded/infineon/xmc1100_freertos_spi_slave/Dave/Generated" -I"C:/Workspaces/GitHub/embedded/infineon/xmc1100_freertos_spi_slave/Libraries" -O0 -ffunction-sections -fdata-sections -Wall -std=gnu99 -Wa,-adhlns="Libraries/XMCLib/src/xmc_acmp.o.lst" -pipe -c -fmessage-length=0 -MMD -MP -MF"Libraries/XMCLib/src/xmc_acmp.d" -MT"Libraries/XMCLib/src/xmc_acmp.d Libraries/XMCLib/src/xmc_acmp.o" -mcpu=cortex-m0 -mthumb -g -gdwarf-2 -o "Libraries/XMCLib/src/xmc_acmp.o" "../Libraries/XMCLib/src/xmc_acmp.c" 
'Finished building: ../Libraries/XMCLib/src/xmc_acmp.c'

'Building file: ../Libraries/XMCLib/src/xmc_bccu.c'
'Invoking: ARM-GCC C Compiler'
"C:/cp/DAVE442/eclipse/ARM-GCC-49/bin/arm-none-eabi-gcc" -MMD -MT "Libraries/XMCLib/src/xmc_bccu.o" -DXMC1100_Q024x0064 -I"C:/Workspaces/GitHub/embedded/infineon/xmc1100_freertos_spi_slave/Libraries/XMCLib/inc" -I"C:/Workspaces/GitHub/embedded/infineon/xmc1100_freertos_spi_slave/Libraries/CMSIS/Include" -I"C:/Workspaces/GitHub/embedded/infineon/xmc1100_freertos_spi_slave/Libraries/CMSIS/Infineon/XMC1100_series/Include" -I"C:/Workspaces/GitHub/embedded/infineon/xmc1100_freertos_spi_slave" -I"C:/Workspaces/GitHub/embedded/infineon/xmc1100_freertos_spi_slave/Dave/Generated" -I"C:/Workspaces/GitHub/embedded/infineon/xmc1100_freertos_spi_slave/Libraries" -O0 -ffunction-sections -fdata-sections -Wall -std=gnu99 -Wa,-adhlns="Libraries/XMCLib/src/xmc_bccu.o.lst" -pipe -c -fmessage-length=0 -MMD -MP -MF"Libraries/XMCLib/src/xmc_bccu.d" -MT"Libraries/XMCLib/src/xmc_bccu.d Libraries/XMCLib/src/xmc_bccu.o" -mcpu=cortex-m0 -mthumb -g -gdwarf-2 -o "Libraries/XMCLib/src/xmc_bccu.o" "../Libraries/XMCLib/src/xmc_bccu.c" 
'Finished building: ../Libraries/XMCLib/src/xmc_bccu.c'

'Building file: ../Libraries/XMCLib/src/xmc_can.c'
'Invoking: ARM-GCC C Compiler'
"C:/cp/DAVE442/eclipse/ARM-GCC-49/bin/arm-none-eabi-gcc" -MMD -MT "Libraries/XMCLib/src/xmc_can.o" -DXMC1100_Q024x0064 -I"C:/Workspaces/GitHub/embedded/infineon/xmc1100_freertos_spi_slave/Libraries/XMCLib/inc" -I"C:/Workspaces/GitHub/embedded/infineon/xmc1100_freertos_spi_slave/Libraries/CMSIS/Include" -I"C:/Workspaces/GitHub/embedded/infineon/xmc1100_freertos_spi_slave/Libraries/CMSIS/Infineon/XMC1100_series/Include" -I"C:/Workspaces/GitHub/embedded/infineon/xmc1100_freertos_spi_slave" -I"C:/Workspaces/GitHub/embedded/infineon/xmc1100_freertos_spi_slave/Dave/Generated" -I"C:/Workspaces/GitHub/embedded/infineon/xmc1100_freertos_spi_slave/Libraries" -O0 -ffunction-sections -fdata-sections -Wall -std=gnu99 -Wa,-adhlns="Libraries/XMCLib/src/xmc_can.o.lst" -pipe -c -fmessage-length=0 -MMD -MP -MF"Libraries/XMCLib/src/xmc_can.d" -MT"Libraries/XMCLib/src/xmc_can.d Libraries/XMCLib/src/xmc_can.o" -mcpu=cortex-m0 -mthumb -g -gdwarf-2 -o "Libraries/XMCLib/src/xmc_can.o" "../Libraries/XMCLib/src/xmc_can.c" 
'Finished building: ../Libraries/XMCLib/src/xmc_can.c'

'Building file: ../Libraries/XMCLib/src/xmc_ccu8.c'
'Invoking: ARM-GCC C Compiler'
"C:/cp/DAVE442/eclipse/ARM-GCC-49/bin/arm-none-eabi-gcc" -MMD -MT "Libraries/XMCLib/src/xmc_ccu8.o" -DXMC1100_Q024x0064 -I"C:/Workspaces/GitHub/embedded/infineon/xmc1100_freertos_spi_slave/Libraries/XMCLib/inc" -I"C:/Workspaces/GitHub/embedded/infineon/xmc1100_freertos_spi_slave/Libraries/CMSIS/Include" -I"C:/Workspaces/GitHub/embedded/infineon/xmc1100_freertos_spi_slave/Libraries/CMSIS/Infineon/XMC1100_series/Include" -I"C:/Workspaces/GitHub/embedded/infineon/xmc1100_freertos_spi_slave" -I"C:/Workspaces/GitHub/embedded/infineon/xmc1100_freertos_spi_slave/Dave/Generated" -I"C:/Workspaces/GitHub/embedded/infineon/xmc1100_freertos_spi_slave/Libraries" -O0 -ffunction-sections -fdata-sections -Wall -std=gnu99 -Wa,-adhlns="Libraries/XMCLib/src/xmc_ccu8.o.lst" -pipe -c -fmessage-length=0 -MMD -MP -MF"Libraries/XMCLib/src/xmc_ccu8.d" -MT"Libraries/XMCLib/src/xmc_ccu8.d Libraries/XMCLib/src/xmc_ccu8.o" -mcpu=cortex-m0 -mthumb -g -gdwarf-2 -o "Libraries/XMCLib/src/xmc_ccu8.o" "../Libraries/XMCLib/src/xmc_ccu8.c" 
'Finished building: ../Libraries/XMCLib/src/xmc_ccu8.c'

'Building file: ../Libraries/XMCLib/src/xmc_ccu4.c'
'Invoking: ARM-GCC C Compiler'
"C:/cp/DAVE442/eclipse/ARM-GCC-49/bin/arm-none-eabi-gcc" -MMD -MT "Libraries/XMCLib/src/xmc_ccu4.o" -DXMC1100_Q024x0064 -I"C:/Workspaces/GitHub/embedded/infineon/xmc1100_freertos_spi_slave/Libraries/XMCLib/inc" -I"C:/Workspaces/GitHub/embedded/infineon/xmc1100_freertos_spi_slave/Libraries/CMSIS/Include" -I"C:/Workspaces/GitHub/embedded/infineon/xmc1100_freertos_spi_slave/Libraries/CMSIS/Infineon/XMC1100_series/Include" -I"C:/Workspaces/GitHub/embedded/infineon/xmc1100_freertos_spi_slave" -I"C:/Workspaces/GitHub/embedded/infineon/xmc1100_freertos_spi_slave/Dave/Generated" -I"C:/Workspaces/GitHub/embedded/infineon/xmc1100_freertos_spi_slave/Libraries" -O0 -ffunction-sections -fdata-sections -Wall -std=gnu99 -Wa,-adhlns="Libraries/XMCLib/src/xmc_ccu4.o.lst" -pipe -c -fmessage-length=0 -MMD -MP -MF"Libraries/XMCLib/src/xmc_ccu4.d" -MT"Libraries/XMCLib/src/xmc_ccu4.d Libraries/XMCLib/src/xmc_ccu4.o" -mcpu=cortex-m0 -mthumb -g -gdwarf-2 -o "Libraries/XMCLib/src/xmc_ccu4.o" "../Libraries/XMCLib/src/xmc_ccu4.c" 
'Finished building: ../Libraries/XMCLib/src/xmc_ccu4.c'

'Building file: ../Libraries/XMCLib/src/xmc_common.c'
'Invoking: ARM-GCC C Compiler'
"C:/cp/DAVE442/eclipse/ARM-GCC-49/bin/arm-none-eabi-gcc" -MMD -MT "Libraries/XMCLib/src/xmc_common.o" -DXMC1100_Q024x0064 -I"C:/Workspaces/GitHub/embedded/infineon/xmc1100_freertos_spi_slave/Libraries/XMCLib/inc" -I"C:/Workspaces/GitHub/embedded/infineon/xmc1100_freertos_spi_slave/Libraries/CMSIS/Include" -I"C:/Workspaces/GitHub/embedded/infineon/xmc1100_freertos_spi_slave/Libraries/CMSIS/Infineon/XMC1100_series/Include" -I"C:/Workspaces/GitHub/embedded/infineon/xmc1100_freertos_spi_slave" -I"C:/Workspaces/GitHub/embedded/infineon/xmc1100_freertos_spi_slave/Dave/Generated" -I"C:/Workspaces/GitHub/embedded/infineon/xmc1100_freertos_spi_slave/Libraries" -O0 -ffunction-sections -fdata-sections -Wall -std=gnu99 -Wa,-adhlns="Libraries/XMCLib/src/xmc_common.o.lst" -pipe -c -fmessage-length=0 -MMD -MP -MF"Libraries/XMCLib/src/xmc_common.d" -MT"Libraries/XMCLib/src/xmc_common.d Libraries/XMCLib/src/xmc_common.o" -mcpu=cortex-m0 -mthumb -g -gdwarf-2 -o "Libraries/XMCLib/src/xmc_common.o" "../Libraries/XMCLib/src/xmc_common.c" 
'Finished building: ../Libraries/XMCLib/src/xmc_common.c'

'Building file: ../Libraries/XMCLib/src/xmc_eru.c'
'Invoking: ARM-GCC C Compiler'
"C:/cp/DAVE442/eclipse/ARM-GCC-49/bin/arm-none-eabi-gcc" -MMD -MT "Libraries/XMCLib/src/xmc_eru.o" -DXMC1100_Q024x0064 -I"C:/Workspaces/GitHub/embedded/infineon/xmc1100_freertos_spi_slave/Libraries/XMCLib/inc" -I"C:/Workspaces/GitHub/embedded/infineon/xmc1100_freertos_spi_slave/Libraries/CMSIS/Include" -I"C:/Workspaces/GitHub/embedded/infineon/xmc1100_freertos_spi_slave/Libraries/CMSIS/Infineon/XMC1100_series/Include" -I"C:/Workspaces/GitHub/embedded/infineon/xmc1100_freertos_spi_slave" -I"C:/Workspaces/GitHub/embedded/infineon/xmc1100_freertos_spi_slave/Dave/Generated" -I"C:/Workspaces/GitHub/embedded/infineon/xmc1100_freertos_spi_slave/Libraries" -O0 -ffunction-sections -fdata-sections -Wall -std=gnu99 -Wa,-adhlns="Libraries/XMCLib/src/xmc_eru.o.lst" -pipe -c -fmessage-length=0 -MMD -MP -MF"Libraries/XMCLib/src/xmc_eru.d" -MT"Libraries/XMCLib/src/xmc_eru.d Libraries/XMCLib/src/xmc_eru.o" -mcpu=cortex-m0 -mthumb -g -gdwarf-2 -o "Libraries/XMCLib/src/xmc_eru.o" "../Libraries/XMCLib/src/xmc_eru.c" 
'Finished building: ../Libraries/XMCLib/src/xmc_eru.c'

'Building file: ../Libraries/XMCLib/src/xmc_gpio.c'
'Invoking: ARM-GCC C Compiler'
"C:/cp/DAVE442/eclipse/ARM-GCC-49/bin/arm-none-eabi-gcc" -MMD -MT "Libraries/XMCLib/src/xmc_gpio.o" -DXMC1100_Q024x0064 -I"C:/Workspaces/GitHub/embedded/infineon/xmc1100_freertos_spi_slave/Libraries/XMCLib/inc" -I"C:/Workspaces/GitHub/embedded/infineon/xmc1100_freertos_spi_slave/Libraries/CMSIS/Include" -I"C:/Workspaces/GitHub/embedded/infineon/xmc1100_freertos_spi_slave/Libraries/CMSIS/Infineon/XMC1100_series/Include" -I"C:/Workspaces/GitHub/embedded/infineon/xmc1100_freertos_spi_slave" -I"C:/Workspaces/GitHub/embedded/infineon/xmc1100_freertos_spi_slave/Dave/Generated" -I"C:/Workspaces/GitHub/embedded/infineon/xmc1100_freertos_spi_slave/Libraries" -O0 -ffunction-sections -fdata-sections -Wall -std=gnu99 -Wa,-adhlns="Libraries/XMCLib/src/xmc_gpio.o.lst" -pipe -c -fmessage-length=0 -MMD -MP -MF"Libraries/XMCLib/src/xmc_gpio.d" -MT"Libraries/XMCLib/src/xmc_gpio.d Libraries/XMCLib/src/xmc_gpio.o" -mcpu=cortex-m0 -mthumb -g -gdwarf-2 -o "Libraries/XMCLib/src/xmc_gpio.o" "../Libraries/XMCLib/src/xmc_gpio.c" 
'Finished building: ../Libraries/XMCLib/src/xmc_gpio.c'

'Building file: ../Libraries/XMCLib/src/xmc_i2c.c'
'Invoking: ARM-GCC C Compiler'
"C:/cp/DAVE442/eclipse/ARM-GCC-49/bin/arm-none-eabi-gcc" -MMD -MT "Libraries/XMCLib/src/xmc_i2c.o" -DXMC1100_Q024x0064 -I"C:/Workspaces/GitHub/embedded/infineon/xmc1100_freertos_spi_slave/Libraries/XMCLib/inc" -I"C:/Workspaces/GitHub/embedded/infineon/xmc1100_freertos_spi_slave/Libraries/CMSIS/Include" -I"C:/Workspaces/GitHub/embedded/infineon/xmc1100_freertos_spi_slave/Libraries/CMSIS/Infineon/XMC1100_series/Include" -I"C:/Workspaces/GitHub/embedded/infineon/xmc1100_freertos_spi_slave" -I"C:/Workspaces/GitHub/embedded/infineon/xmc1100_freertos_spi_slave/Dave/Generated" -I"C:/Workspaces/GitHub/embedded/infineon/xmc1100_freertos_spi_slave/Libraries" -O0 -ffunction-sections -fdata-sections -Wall -std=gnu99 -Wa,-adhlns="Libraries/XMCLib/src/xmc_i2c.o.lst" -pipe -c -fmessage-length=0 -MMD -MP -MF"Libraries/XMCLib/src/xmc_i2c.d" -MT"Libraries/XMCLib/src/xmc_i2c.d Libraries/XMCLib/src/xmc_i2c.o" -mcpu=cortex-m0 -mthumb -g -gdwarf-2 -o "Libraries/XMCLib/src/xmc_i2c.o" "../Libraries/XMCLib/src/xmc_i2c.c" 
'Finished building: ../Libraries/XMCLib/src/xmc_i2c.c'

'Building file: ../Libraries/XMCLib/src/xmc_ledts.c'
'Invoking: ARM-GCC C Compiler'
"C:/cp/DAVE442/eclipse/ARM-GCC-49/bin/arm-none-eabi-gcc" -MMD -MT "Libraries/XMCLib/src/xmc_ledts.o" -DXMC1100_Q024x0064 -I"C:/Workspaces/GitHub/embedded/infineon/xmc1100_freertos_spi_slave/Libraries/XMCLib/inc" -I"C:/Workspaces/GitHub/embedded/infineon/xmc1100_freertos_spi_slave/Libraries/CMSIS/Include" -I"C:/Workspaces/GitHub/embedded/infineon/xmc1100_freertos_spi_slave/Libraries/CMSIS/Infineon/XMC1100_series/Include" -I"C:/Workspaces/GitHub/embedded/infineon/xmc1100_freertos_spi_slave" -I"C:/Workspaces/GitHub/embedded/infineon/xmc1100_freertos_spi_slave/Dave/Generated" -I"C:/Workspaces/GitHub/embedded/infineon/xmc1100_freertos_spi_slave/Libraries" -O0 -ffunction-sections -fdata-sections -Wall -std=gnu99 -Wa,-adhlns="Libraries/XMCLib/src/xmc_ledts.o.lst" -pipe -c -fmessage-length=0 -MMD -MP -MF"Libraries/XMCLib/src/xmc_ledts.d" -MT"Libraries/XMCLib/src/xmc_ledts.d Libraries/XMCLib/src/xmc_ledts.o" -mcpu=cortex-m0 -mthumb -g -gdwarf-2 -o "Libraries/XMCLib/src/xmc_ledts.o" "../Libraries/XMCLib/src/xmc_ledts.c" 
'Finished building: ../Libraries/XMCLib/src/xmc_ledts.c'

'Building file: ../Libraries/XMCLib/src/xmc_math.c'
'Invoking: ARM-GCC C Compiler'
"C:/cp/DAVE442/eclipse/ARM-GCC-49/bin/arm-none-eabi-gcc" -MMD -MT "Libraries/XMCLib/src/xmc_math.o" -DXMC1100_Q024x0064 -I"C:/Workspaces/GitHub/embedded/infineon/xmc1100_freertos_spi_slave/Libraries/XMCLib/inc" -I"C:/Workspaces/GitHub/embedded/infineon/xmc1100_freertos_spi_slave/Libraries/CMSIS/Include" -I"C:/Workspaces/GitHub/embedded/infineon/xmc1100_freertos_spi_slave/Libraries/CMSIS/Infineon/XMC1100_series/Include" -I"C:/Workspaces/GitHub/embedded/infineon/xmc1100_freertos_spi_slave" -I"C:/Workspaces/GitHub/embedded/infineon/xmc1100_freertos_spi_slave/Dave/Generated" -I"C:/Workspaces/GitHub/embedded/infineon/xmc1100_freertos_spi_slave/Libraries" -O0 -ffunction-sections -fdata-sections -Wall -std=gnu99 -Wa,-adhlns="Libraries/XMCLib/src/xmc_math.o.lst" -pipe -c -fmessage-length=0 -MMD -MP -MF"Libraries/XMCLib/src/xmc_math.d" -MT"Libraries/XMCLib/src/xmc_math.d Libraries/XMCLib/src/xmc_math.o" -mcpu=cortex-m0 -mthumb -g -gdwarf-2 -o "Libraries/XMCLib/src/xmc_math.o" "../Libraries/XMCLib/src/xmc_math.c" 
'Finished building: ../Libraries/XMCLib/src/xmc_math.c'

'Building file: ../Libraries/XMCLib/src/xmc_i2s.c'
'Invoking: ARM-GCC C Compiler'
"C:/cp/DAVE442/eclipse/ARM-GCC-49/bin/arm-none-eabi-gcc" -MMD -MT "Libraries/XMCLib/src/xmc_i2s.o" -DXMC1100_Q024x0064 -I"C:/Workspaces/GitHub/embedded/infineon/xmc1100_freertos_spi_slave/Libraries/XMCLib/inc" -I"C:/Workspaces/GitHub/embedded/infineon/xmc1100_freertos_spi_slave/Libraries/CMSIS/Include" -I"C:/Workspaces/GitHub/embedded/infineon/xmc1100_freertos_spi_slave/Libraries/CMSIS/Infineon/XMC1100_series/Include" -I"C:/Workspaces/GitHub/embedded/infineon/xmc1100_freertos_spi_slave" -I"C:/Workspaces/GitHub/embedded/infineon/xmc1100_freertos_spi_slave/Dave/Generated" -I"C:/Workspaces/GitHub/embedded/infineon/xmc1100_freertos_spi_slave/Libraries" -O0 -ffunction-sections -fdata-sections -Wall -std=gnu99 -Wa,-adhlns="Libraries/XMCLib/src/xmc_i2s.o.lst" -pipe -c -fmessage-length=0 -MMD -MP -MF"Libraries/XMCLib/src/xmc_i2s.d" -MT"Libraries/XMCLib/src/xmc_i2s.d Libraries/XMCLib/src/xmc_i2s.o" -mcpu=cortex-m0 -mthumb -g -gdwarf-2 -o "Libraries/XMCLib/src/xmc_i2s.o" "../Libraries/XMCLib/src/xmc_i2s.c" 
'Finished building: ../Libraries/XMCLib/src/xmc_i2s.c'

'Building file: ../Libraries/XMCLib/src/xmc_pau.c'
'Invoking: ARM-GCC C Compiler'
"C:/cp/DAVE442/eclipse/ARM-GCC-49/bin/arm-none-eabi-gcc" -MMD -MT "Libraries/XMCLib/src/xmc_pau.o" -DXMC1100_Q024x0064 -I"C:/Workspaces/GitHub/embedded/infineon/xmc1100_freertos_spi_slave/Libraries/XMCLib/inc" -I"C:/Workspaces/GitHub/embedded/infineon/xmc1100_freertos_spi_slave/Libraries/CMSIS/Include" -I"C:/Workspaces/GitHub/embedded/infineon/xmc1100_freertos_spi_slave/Libraries/CMSIS/Infineon/XMC1100_series/Include" -I"C:/Workspaces/GitHub/embedded/infineon/xmc1100_freertos_spi_slave" -I"C:/Workspaces/GitHub/embedded/infineon/xmc1100_freertos_spi_slave/Dave/Generated" -I"C:/Workspaces/GitHub/embedded/infineon/xmc1100_freertos_spi_slave/Libraries" -O0 -ffunction-sections -fdata-sections -Wall -std=gnu99 -Wa,-adhlns="Libraries/XMCLib/src/xmc_pau.o.lst" -pipe -c -fmessage-length=0 -MMD -MP -MF"Libraries/XMCLib/src/xmc_pau.d" -MT"Libraries/XMCLib/src/xmc_pau.d Libraries/XMCLib/src/xmc_pau.o" -mcpu=cortex-m0 -mthumb -g -gdwarf-2 -o "Libraries/XMCLib/src/xmc_pau.o" "../Libraries/XMCLib/src/xmc_pau.c" 
'Finished building: ../Libraries/XMCLib/src/xmc_pau.c'

'Building file: ../Libraries/XMCLib/src/xmc_posif.c'
'Invoking: ARM-GCC C Compiler'
"C:/cp/DAVE442/eclipse/ARM-GCC-49/bin/arm-none-eabi-gcc" -MMD -MT "Libraries/XMCLib/src/xmc_posif.o" -DXMC1100_Q024x0064 -I"C:/Workspaces/GitHub/embedded/infineon/xmc1100_freertos_spi_slave/Libraries/XMCLib/inc" -I"C:/Workspaces/GitHub/embedded/infineon/xmc1100_freertos_spi_slave/Libraries/CMSIS/Include" -I"C:/Workspaces/GitHub/embedded/infineon/xmc1100_freertos_spi_slave/Libraries/CMSIS/Infineon/XMC1100_series/Include" -I"C:/Workspaces/GitHub/embedded/infineon/xmc1100_freertos_spi_slave" -I"C:/Workspaces/GitHub/embedded/infineon/xmc1100_freertos_spi_slave/Dave/Generated" -I"C:/Workspaces/GitHub/embedded/infineon/xmc1100_freertos_spi_slave/Libraries" -O0 -ffunction-sections -fdata-sections -Wall -std=gnu99 -Wa,-adhlns="Libraries/XMCLib/src/xmc_posif.o.lst" -pipe -c -fmessage-length=0 -MMD -MP -MF"Libraries/XMCLib/src/xmc_posif.d" -MT"Libraries/XMCLib/src/xmc_posif.d Libraries/XMCLib/src/xmc_posif.o" -mcpu=cortex-m0 -mthumb -g -gdwarf-2 -o "Libraries/XMCLib/src/xmc_posif.o" "../Libraries/XMCLib/src/xmc_posif.c" 
'Finished building: ../Libraries/XMCLib/src/xmc_posif.c'

'Building file: ../Libraries/XMCLib/src/xmc_prng.c'
'Invoking: ARM-GCC C Compiler'
"C:/cp/DAVE442/eclipse/ARM-GCC-49/bin/arm-none-eabi-gcc" -MMD -MT "Libraries/XMCLib/src/xmc_prng.o" -DXMC1100_Q024x0064 -I"C:/Workspaces/GitHub/embedded/infineon/xmc1100_freertos_spi_slave/Libraries/XMCLib/inc" -I"C:/Workspaces/GitHub/embedded/infineon/xmc1100_freertos_spi_slave/Libraries/CMSIS/Include" -I"C:/Workspaces/GitHub/embedded/infineon/xmc1100_freertos_spi_slave/Libraries/CMSIS/Infineon/XMC1100_series/Include" -I"C:/Workspaces/GitHub/embedded/infineon/xmc1100_freertos_spi_slave" -I"C:/Workspaces/GitHub/embedded/infineon/xmc1100_freertos_spi_slave/Dave/Generated" -I"C:/Workspaces/GitHub/embedded/infineon/xmc1100_freertos_spi_slave/Libraries" -O0 -ffunction-sections -fdata-sections -Wall -std=gnu99 -Wa,-adhlns="Libraries/XMCLib/src/xmc_prng.o.lst" -pipe -c -fmessage-length=0 -MMD -MP -MF"Libraries/XMCLib/src/xmc_prng.d" -MT"Libraries/XMCLib/src/xmc_prng.d Libraries/XMCLib/src/xmc_prng.o" -mcpu=cortex-m0 -mthumb -g -gdwarf-2 -o "Libraries/XMCLib/src/xmc_prng.o" "../Libraries/XMCLib/src/xmc_prng.c" 
'Finished building: ../Libraries/XMCLib/src/xmc_prng.c'

'Building file: ../Libraries/XMCLib/src/xmc_rtc.c'
'Invoking: ARM-GCC C Compiler'
"C:/cp/DAVE442/eclipse/ARM-GCC-49/bin/arm-none-eabi-gcc" -MMD -MT "Libraries/XMCLib/src/xmc_rtc.o" -DXMC1100_Q024x0064 -I"C:/Workspaces/GitHub/embedded/infineon/xmc1100_freertos_spi_slave/Libraries/XMCLib/inc" -I"C:/Workspaces/GitHub/embedded/infineon/xmc1100_freertos_spi_slave/Libraries/CMSIS/Include" -I"C:/Workspaces/GitHub/embedded/infineon/xmc1100_freertos_spi_slave/Libraries/CMSIS/Infineon/XMC1100_series/Include" -I"C:/Workspaces/GitHub/embedded/infineon/xmc1100_freertos_spi_slave" -I"C:/Workspaces/GitHub/embedded/infineon/xmc1100_freertos_spi_slave/Dave/Generated" -I"C:/Workspaces/GitHub/embedded/infineon/xmc1100_freertos_spi_slave/Libraries" -O0 -ffunction-sections -fdata-sections -Wall -std=gnu99 -Wa,-adhlns="Libraries/XMCLib/src/xmc_rtc.o.lst" -pipe -c -fmessage-length=0 -MMD -MP -MF"Libraries/XMCLib/src/xmc_rtc.d" -MT"Libraries/XMCLib/src/xmc_rtc.d Libraries/XMCLib/src/xmc_rtc.o" -mcpu=cortex-m0 -mthumb -g -gdwarf-2 -o "Libraries/XMCLib/src/xmc_rtc.o" "../Libraries/XMCLib/src/xmc_rtc.c" 
'Finished building: ../Libraries/XMCLib/src/xmc_rtc.c'

'Building file: ../Libraries/XMCLib/src/xmc_spi.c'
'Invoking: ARM-GCC C Compiler'
"C:/cp/DAVE442/eclipse/ARM-GCC-49/bin/arm-none-eabi-gcc" -MMD -MT "Libraries/XMCLib/src/xmc_spi.o" -DXMC1100_Q024x0064 -I"C:/Workspaces/GitHub/embedded/infineon/xmc1100_freertos_spi_slave/Libraries/XMCLib/inc" -I"C:/Workspaces/GitHub/embedded/infineon/xmc1100_freertos_spi_slave/Libraries/CMSIS/Include" -I"C:/Workspaces/GitHub/embedded/infineon/xmc1100_freertos_spi_slave/Libraries/CMSIS/Infineon/XMC1100_series/Include" -I"C:/Workspaces/GitHub/embedded/infineon/xmc1100_freertos_spi_slave" -I"C:/Workspaces/GitHub/embedded/infineon/xmc1100_freertos_spi_slave/Dave/Generated" -I"C:/Workspaces/GitHub/embedded/infineon/xmc1100_freertos_spi_slave/Libraries" -O0 -ffunction-sections -fdata-sections -Wall -std=gnu99 -Wa,-adhlns="Libraries/XMCLib/src/xmc_spi.o.lst" -pipe -c -fmessage-length=0 -MMD -MP -MF"Libraries/XMCLib/src/xmc_spi.d" -MT"Libraries/XMCLib/src/xmc_spi.d Libraries/XMCLib/src/xmc_spi.o" -mcpu=cortex-m0 -mthumb -g -gdwarf-2 -o "Libraries/XMCLib/src/xmc_spi.o" "../Libraries/XMCLib/src/xmc_spi.c" 
'Finished building: ../Libraries/XMCLib/src/xmc_spi.c'

'Building file: ../Libraries/XMCLib/src/xmc_uart.c'
'Invoking: ARM-GCC C Compiler'
"C:/cp/DAVE442/eclipse/ARM-GCC-49/bin/arm-none-eabi-gcc" -MMD -MT "Libraries/XMCLib/src/xmc_uart.o" -DXMC1100_Q024x0064 -I"C:/Workspaces/GitHub/embedded/infineon/xmc1100_freertos_spi_slave/Libraries/XMCLib/inc" -I"C:/Workspaces/GitHub/embedded/infineon/xmc1100_freertos_spi_slave/Libraries/CMSIS/Include" -I"C:/Workspaces/GitHub/embedded/infineon/xmc1100_freertos_spi_slave/Libraries/CMSIS/Infineon/XMC1100_series/Include" -I"C:/Workspaces/GitHub/embedded/infineon/xmc1100_freertos_spi_slave" -I"C:/Workspaces/GitHub/embedded/infineon/xmc1100_freertos_spi_slave/Dave/Generated" -I"C:/Workspaces/GitHub/embedded/infineon/xmc1100_freertos_spi_slave/Libraries" -O0 -ffunction-sections -fdata-sections -Wall -std=gnu99 -Wa,-adhlns="Libraries/XMCLib/src/xmc_uart.o.lst" -pipe -c -fmessage-length=0 -MMD -MP -MF"Libraries/XMCLib/src/xmc_uart.d" -MT"Libraries/XMCLib/src/xmc_uart.d Libraries/XMCLib/src/xmc_uart.o" -mcpu=cortex-m0 -mthumb -g -gdwarf-2 -o "Libraries/XMCLib/src/xmc_uart.o" "../Libraries/XMCLib/src/xmc_uart.c" 
'Finished building: ../Libraries/XMCLib/src/xmc_uart.c'

'Building file: ../Libraries/XMCLib/src/xmc_usic.c'
'Invoking: ARM-GCC C Compiler'
"C:/cp/DAVE442/eclipse/ARM-GCC-49/bin/arm-none-eabi-gcc" -MMD -MT "Libraries/XMCLib/src/xmc_usic.o" -DXMC1100_Q024x0064 -I"C:/Workspaces/GitHub/embedded/infineon/xmc1100_freertos_spi_slave/Libraries/XMCLib/inc" -I"C:/Workspaces/GitHub/embedded/infineon/xmc1100_freertos_spi_slave/Libraries/CMSIS/Include" -I"C:/Workspaces/GitHub/embedded/infineon/xmc1100_freertos_spi_slave/Libraries/CMSIS/Infineon/XMC1100_series/Include" -I"C:/Workspaces/GitHub/embedded/infineon/xmc1100_freertos_spi_slave" -I"C:/Workspaces/GitHub/embedded/infineon/xmc1100_freertos_spi_slave/Dave/Generated" -I"C:/Workspaces/GitHub/embedded/infineon/xmc1100_freertos_spi_slave/Libraries" -O0 -ffunction-sections -fdata-sections -Wall -std=gnu99 -Wa,-adhlns="Libraries/XMCLib/src/xmc_usic.o.lst" -pipe -c -fmessage-length=0 -MMD -MP -MF"Libraries/XMCLib/src/xmc_usic.d" -MT"Libraries/XMCLib/src/xmc_usic.d Libraries/XMCLib/src/xmc_usic.o" -mcpu=cortex-m0 -mthumb -g -gdwarf-2 -o "Libraries/XMCLib/src/xmc_usic.o" "../Libraries/XMCLib/src/xmc_usic.c" 
'Finished building: ../Libraries/XMCLib/src/xmc_usic.c'

'Building file: ../Libraries/XMCLib/src/xmc_vadc.c'
'Invoking: ARM-GCC C Compiler'
"C:/cp/DAVE442/eclipse/ARM-GCC-49/bin/arm-none-eabi-gcc" -MMD -MT "Libraries/XMCLib/src/xmc_vadc.o" -DXMC1100_Q024x0064 -I"C:/Workspaces/GitHub/embedded/infineon/xmc1100_freertos_spi_slave/Libraries/XMCLib/inc" -I"C:/Workspaces/GitHub/embedded/infineon/xmc1100_freertos_spi_slave/Libraries/CMSIS/Include" -I"C:/Workspaces/GitHub/embedded/infineon/xmc1100_freertos_spi_slave/Libraries/CMSIS/Infineon/XMC1100_series/Include" -I"C:/Workspaces/GitHub/embedded/infineon/xmc1100_freertos_spi_slave" -I"C:/Workspaces/GitHub/embedded/infineon/xmc1100_freertos_spi_slave/Dave/Generated" -I"C:/Workspaces/GitHub/embedded/infineon/xmc1100_freertos_spi_slave/Libraries" -O0 -ffunction-sections -fdata-sections -Wall -std=gnu99 -Wa,-adhlns="Libraries/XMCLib/src/xmc_vadc.o.lst" -pipe -c -fmessage-length=0 -MMD -MP -MF"Libraries/XMCLib/src/xmc_vadc.d" -MT"Libraries/XMCLib/src/xmc_vadc.d Libraries/XMCLib/src/xmc_vadc.o" -mcpu=cortex-m0 -mthumb -g -gdwarf-2 -o "Libraries/XMCLib/src/xmc_vadc.o" "../Libraries/XMCLib/src/xmc_vadc.c" 
'Finished building: ../Libraries/XMCLib/src/xmc_vadc.c'

'Building file: ../Libraries/Newlib/syscalls.c'
'Invoking: ARM-GCC C Compiler'
"C:/cp/DAVE442/eclipse/ARM-GCC-49/bin/arm-none-eabi-gcc" -MMD -MT "Libraries/Newlib/syscalls.o" -DXMC1100_Q024x0064 -I"C:/Workspaces/GitHub/embedded/infineon/xmc1100_freertos_spi_slave/Libraries/XMCLib/inc" -I"C:/Workspaces/GitHub/embedded/infineon/xmc1100_freertos_spi_slave/Libraries/CMSIS/Include" -I"C:/Workspaces/GitHub/embedded/infineon/xmc1100_freertos_spi_slave/Libraries/CMSIS/Infineon/XMC1100_series/Include" -I"C:/Workspaces/GitHub/embedded/infineon/xmc1100_freertos_spi_slave" -I"C:/Workspaces/GitHub/embedded/infineon/xmc1100_freertos_spi_slave/Dave/Generated" -I"C:/Workspaces/GitHub/embedded/infineon/xmc1100_freertos_spi_slave/Libraries" -O0 -ffunction-sections -fdata-sections -Wall -std=gnu99 -Wa,-adhlns="Libraries/Newlib/syscalls.o.lst" -pipe -c -fmessage-length=0 -MMD -MP -MF"Libraries/Newlib/syscalls.d" -MT"Libraries/Newlib/syscalls.d Libraries/Newlib/syscalls.o" -mcpu=cortex-m0 -mthumb -g -gdwarf-2 -o "Libraries/Newlib/syscalls.o" "../Libraries/Newlib/syscalls.c" 
'Finished building: ../Libraries/Newlib/syscalls.c'

'Building file: ../Libraries/XMCLib/src/xmc_wdt.c'
'Invoking: ARM-GCC C Compiler'
"C:/cp/DAVE442/eclipse/ARM-GCC-49/bin/arm-none-eabi-gcc" -MMD -MT "Libraries/XMCLib/src/xmc_wdt.o" -DXMC1100_Q024x0064 -I"C:/Workspaces/GitHub/embedded/infineon/xmc1100_freertos_spi_slave/Libraries/XMCLib/inc" -I"C:/Workspaces/GitHub/embedded/infineon/xmc1100_freertos_spi_slave/Libraries/CMSIS/Include" -I"C:/Workspaces/GitHub/embedded/infineon/xmc1100_freertos_spi_slave/Libraries/CMSIS/Infineon/XMC1100_series/Include" -I"C:/Workspaces/GitHub/embedded/infineon/xmc1100_freertos_spi_slave" -I"C:/Workspaces/GitHub/embedded/infineon/xmc1100_freertos_spi_slave/Dave/Generated" -I"C:/Workspaces/GitHub/embedded/infineon/xmc1100_freertos_spi_slave/Libraries" -O0 -ffunction-sections -fdata-sections -Wall -std=gnu99 -Wa,-adhlns="Libraries/XMCLib/src/xmc_wdt.o.lst" -pipe -c -fmessage-length=0 -MMD -MP -MF"Libraries/XMCLib/src/xmc_wdt.d" -MT"Libraries/XMCLib/src/xmc_wdt.d Libraries/XMCLib/src/xmc_wdt.o" -mcpu=cortex-m0 -mthumb -g -gdwarf-2 -o "Libraries/XMCLib/src/xmc_wdt.o" "../Libraries/XMCLib/src/xmc_wdt.c" 
'Finished building: ../Libraries/XMCLib/src/xmc_wdt.c'

'Building file: ../Dave/Generated/UART/uart_conf.c'
'Invoking: ARM-GCC C Compiler'
"C:/cp/DAVE442/eclipse/ARM-GCC-49/bin/arm-none-eabi-gcc" -MMD -MT "Dave/Generated/UART/uart_conf.o" -DXMC1100_Q024x0064 -I"C:/Workspaces/GitHub/embedded/infineon/xmc1100_freertos_spi_slave/Libraries/XMCLib/inc" -I"C:/Workspaces/GitHub/embedded/infineon/xmc1100_freertos_spi_slave/Libraries/CMSIS/Include" -I"C:/Workspaces/GitHub/embedded/infineon/xmc1100_freertos_spi_slave/Libraries/CMSIS/Infineon/XMC1100_series/Include" -I"C:/Workspaces/GitHub/embedded/infineon/xmc1100_freertos_spi_slave" -I"C:/Workspaces/GitHub/embedded/infineon/xmc1100_freertos_spi_slave/Dave/Generated" -I"C:/Workspaces/GitHub/embedded/infineon/xmc1100_freertos_spi_slave/Libraries" -O0 -ffunction-sections -fdata-sections -Wall -std=gnu99 -Wa,-adhlns="Dave/Generated/UART/uart_conf.o.lst" -pipe -c -fmessage-length=0 -MMD -MP -MF"Dave/Generated/UART/uart_conf.d" -MT"Dave/Generated/UART/uart_conf.d Dave/Generated/UART/uart_conf.o" -mcpu=cortex-m0 -mthumb -g -gdwarf-2 -o "Dave/Generated/UART/uart_conf.o" "../Dave/Generated/UART/uart_conf.c" 
'Finished building: ../Dave/Generated/UART/uart_conf.c'

'Building file: ../Dave/Generated/UART/uart.c'
'Invoking: ARM-GCC C Compiler'
"C:/cp/DAVE442/eclipse/ARM-GCC-49/bin/arm-none-eabi-gcc" -MMD -MT "Dave/Generated/UART/uart.o" -DXMC1100_Q024x0064 -I"C:/Workspaces/GitHub/embedded/infineon/xmc1100_freertos_spi_slave/Libraries/XMCLib/inc" -I"C:/Workspaces/GitHub/embedded/infineon/xmc1100_freertos_spi_slave/Libraries/CMSIS/Include" -I"C:/Workspaces/GitHub/embedded/infineon/xmc1100_freertos_spi_slave/Libraries/CMSIS/Infineon/XMC1100_series/Include" -I"C:/Workspaces/GitHub/embedded/infineon/xmc1100_freertos_spi_slave" -I"C:/Workspaces/GitHub/embedded/infineon/xmc1100_freertos_spi_slave/Dave/Generated" -I"C:/Workspaces/GitHub/embedded/infineon/xmc1100_freertos_spi_slave/Libraries" -O0 -ffunction-sections -fdata-sections -Wall -std=gnu99 -Wa,-adhlns="Dave/Generated/UART/uart.o.lst" -pipe -c -fmessage-length=0 -MMD -MP -MF"Dave/Generated/UART/uart.d" -MT"Dave/Generated/UART/uart.d Dave/Generated/UART/uart.o" -mcpu=cortex-m0 -mthumb -g -gdwarf-2 -o "Dave/Generated/UART/uart.o" "../Dave/Generated/UART/uart.c" 
'Finished building: ../Dave/Generated/UART/uart.c'

'Building file: ../Dave/Generated/SPI_SLAVE/spi_slave_conf.c'
'Invoking: ARM-GCC C Compiler'
"C:/cp/DAVE442/eclipse/ARM-GCC-49/bin/arm-none-eabi-gcc" -MMD -MT "Dave/Generated/SPI_SLAVE/spi_slave_conf.o" -DXMC1100_Q024x0064 -I"C:/Workspaces/GitHub/embedded/infineon/xmc1100_freertos_spi_slave/Libraries/XMCLib/inc" -I"C:/Workspaces/GitHub/embedded/infineon/xmc1100_freertos_spi_slave/Libraries/CMSIS/Include" -I"C:/Workspaces/GitHub/embedded/infineon/xmc1100_freertos_spi_slave/Libraries/CMSIS/Infineon/XMC1100_series/Include" -I"C:/Workspaces/GitHub/embedded/infineon/xmc1100_freertos_spi_slave" -I"C:/Workspaces/GitHub/embedded/infineon/xmc1100_freertos_spi_slave/Dave/Generated" -I"C:/Workspaces/GitHub/embedded/infineon/xmc1100_freertos_spi_slave/Libraries" -O0 -ffunction-sections -fdata-sections -Wall -std=gnu99 -Wa,-adhlns="Dave/Generated/SPI_SLAVE/spi_slave_conf.o.lst" -pipe -c -fmessage-length=0 -MMD -MP -MF"Dave/Generated/SPI_SLAVE/spi_slave_conf.d" -MT"Dave/Generated/SPI_SLAVE/spi_slave_conf.d Dave/Generated/SPI_SLAVE/spi_slave_conf.o" -mcpu=cortex-m0 -mthumb -g -gdwarf-2 -o "Dave/Generated/SPI_SLAVE/spi_slave_conf.o" "../Dave/Generated/SPI_SLAVE/spi_slave_conf.c" 
'Finished building: ../Dave/Generated/SPI_SLAVE/spi_slave_conf.c'

'Building file: ../Dave/Generated/SPI_SLAVE/spi_slave.c'
'Invoking: ARM-GCC C Compiler'
"C:/cp/DAVE442/eclipse/ARM-GCC-49/bin/arm-none-eabi-gcc" -MMD -MT "Dave/Generated/SPI_SLAVE/spi_slave.o" -DXMC1100_Q024x0064 -I"C:/Workspaces/GitHub/embedded/infineon/xmc1100_freertos_spi_slave/Libraries/XMCLib/inc" -I"C:/Workspaces/GitHub/embedded/infineon/xmc1100_freertos_spi_slave/Libraries/CMSIS/Include" -I"C:/Workspaces/GitHub/embedded/infineon/xmc1100_freertos_spi_slave/Libraries/CMSIS/Infineon/XMC1100_series/Include" -I"C:/Workspaces/GitHub/embedded/infineon/xmc1100_freertos_spi_slave" -I"C:/Workspaces/GitHub/embedded/infineon/xmc1100_freertos_spi_slave/Dave/Generated" -I"C:/Workspaces/GitHub/embedded/infineon/xmc1100_freertos_spi_slave/Libraries" -O0 -ffunction-sections -fdata-sections -Wall -std=gnu99 -Wa,-adhlns="Dave/Generated/SPI_SLAVE/spi_slave.o.lst" -pipe -c -fmessage-length=0 -MMD -MP -MF"Dave/Generated/SPI_SLAVE/spi_slave.d" -MT"Dave/Generated/SPI_SLAVE/spi_slave.d Dave/Generated/SPI_SLAVE/spi_slave.o" -mcpu=cortex-m0 -mthumb -g -gdwarf-2 -o "Dave/Generated/SPI_SLAVE/spi_slave.o" "../Dave/Generated/SPI_SLAVE/spi_slave.c" 
'Finished building: ../Dave/Generated/SPI_SLAVE/spi_slave.c'

'Building file: ../Dave/Generated/FREERTOS/portable/Keil/port.c'
'Invoking: ARM-GCC C Compiler'
"C:/cp/DAVE442/eclipse/ARM-GCC-49/bin/arm-none-eabi-gcc" -MMD -MT "Dave/Generated/FREERTOS/portable/Keil/port.o" -DXMC1100_Q024x0064 -I"C:/Workspaces/GitHub/embedded/infineon/xmc1100_freertos_spi_slave/Libraries/XMCLib/inc" -I"C:/Workspaces/GitHub/embedded/infineon/xmc1100_freertos_spi_slave/Libraries/CMSIS/Include" -I"C:/Workspaces/GitHub/embedded/infineon/xmc1100_freertos_spi_slave/Libraries/CMSIS/Infineon/XMC1100_series/Include" -I"C:/Workspaces/GitHub/embedded/infineon/xmc1100_freertos_spi_slave" -I"C:/Workspaces/GitHub/embedded/infineon/xmc1100_freertos_spi_slave/Dave/Generated" -I"C:/Workspaces/GitHub/embedded/infineon/xmc1100_freertos_spi_slave/Libraries" -O0 -ffunction-sections -fdata-sections -Wall -std=gnu99 -Wa,-adhlns="Dave/Generated/FREERTOS/portable/Keil/port.o.lst" -pipe -c -fmessage-length=0 -MMD -MP -MF"Dave/Generated/FREERTOS/portable/Keil/port.d" -MT"Dave/Generated/FREERTOS/portable/Keil/port.d Dave/Generated/FREERTOS/portable/Keil/port.o" -mcpu=cortex-m0 -mthumb -g -gdwarf-2 -o "Dave/Generated/FREERTOS/portable/Keil/port.o" "../Dave/Generated/FREERTOS/portable/Keil/port.c" 
'Finished building: ../Dave/Generated/FREERTOS/portable/Keil/port.c'

'Building file: ../Dave/Generated/FREERTOS/portable/IAR/port.c'
'Invoking: ARM-GCC C Compiler'
"C:/cp/DAVE442/eclipse/ARM-GCC-49/bin/arm-none-eabi-gcc" -MMD -MT "Dave/Generated/FREERTOS/portable/IAR/port.o" -DXMC1100_Q024x0064 -I"C:/Workspaces/GitHub/embedded/infineon/xmc1100_freertos_spi_slave/Libraries/XMCLib/inc" -I"C:/Workspaces/GitHub/embedded/infineon/xmc1100_freertos_spi_slave/Libraries/CMSIS/Include" -I"C:/Workspaces/GitHub/embedded/infineon/xmc1100_freertos_spi_slave/Libraries/CMSIS/Infineon/XMC1100_series/Include" -I"C:/Workspaces/GitHub/embedded/infineon/xmc1100_freertos_spi_slave" -I"C:/Workspaces/GitHub/embedded/infineon/xmc1100_freertos_spi_slave/Dave/Generated" -I"C:/Workspaces/GitHub/embedded/infineon/xmc1100_freertos_spi_slave/Libraries" -O0 -ffunction-sections -fdata-sections -Wall -std=gnu99 -Wa,-adhlns="Dave/Generated/FREERTOS/portable/IAR/port.o.lst" -pipe -c -fmessage-length=0 -MMD -MP -MF"Dave/Generated/FREERTOS/portable/IAR/port.d" -MT"Dave/Generated/FREERTOS/portable/IAR/port.d Dave/Generated/FREERTOS/portable/IAR/port.o" -mcpu=cortex-m0 -mthumb -g -gdwarf-2 -o "Dave/Generated/FREERTOS/portable/IAR/port.o" "../Dave/Generated/FREERTOS/portable/IAR/port.c" 
'Finished building: ../Dave/Generated/FREERTOS/portable/IAR/port.c'

'Building file: ../Dave/Generated/FREERTOS/portable/IAR/portasm.s'
'Invoking: ARM-GCC Assembler'
"C:/cp/DAVE442/eclipse/ARM-GCC-49/bin/arm-none-eabi-gcc" -MMD -MT "Dave/Generated/FREERTOS/portable/IAR/portasm.o" -x assembler-with-cpp -DXMC1100_Q024x0064 -I"C:/Workspaces/GitHub/embedded/infineon/xmc1100_freertos_spi_slave/Libraries/XMCLib/inc" -I"C:/Workspaces/GitHub/embedded/infineon/xmc1100_freertos_spi_slave" -I"C:/Workspaces/GitHub/embedded/infineon/xmc1100_freertos_spi_slave/Dave/Generated" -Wall -Wa,-adhlns="Dave/Generated/FREERTOS/portable/IAR/portasm.o.lst" -c -fmessage-length=0 -MMD -MP -MF"Dave/Generated/FREERTOS/portable/IAR/portasm.d" -MT"Dave/Generated/FREERTOS/portable/IAR/portasm.d Dave/Generated/FREERTOS/portable/IAR/portasm.o" -mcpu=cortex-m0 -mthumb -g -gdwarf-2 -o "Dave/Generated/FREERTOS/portable/IAR/portasm.o" "../Dave/Generated/FREERTOS/portable/IAR/portasm.s" 
'Finished building: ../Dave/Generated/FREERTOS/portable/IAR/portasm.s'

'Building file: ../Dave/Generated/FREERTOS/portable/GCC/port.c'
'Invoking: ARM-GCC C Compiler'
"C:/cp/DAVE442/eclipse/ARM-GCC-49/bin/arm-none-eabi-gcc" -MMD -MT "Dave/Generated/FREERTOS/portable/GCC/port.o" -DXMC1100_Q024x0064 -I"C:/Workspaces/GitHub/embedded/infineon/xmc1100_freertos_spi_slave/Libraries/XMCLib/inc" -I"C:/Workspaces/GitHub/embedded/infineon/xmc1100_freertos_spi_slave/Libraries/CMSIS/Include" -I"C:/Workspaces/GitHub/embedded/infineon/xmc1100_freertos_spi_slave/Libraries/CMSIS/Infineon/XMC1100_series/Include" -I"C:/Workspaces/GitHub/embedded/infineon/xmc1100_freertos_spi_slave" -I"C:/Workspaces/GitHub/embedded/infineon/xmc1100_freertos_spi_slave/Dave/Generated" -I"C:/Workspaces/GitHub/embedded/infineon/xmc1100_freertos_spi_slave/Libraries" -O0 -ffunction-sections -fdata-sections -Wall -std=gnu99 -Wa,-adhlns="Dave/Generated/FREERTOS/portable/GCC/port.o.lst" -pipe -c -fmessage-length=0 -MMD -MP -MF"Dave/Generated/FREERTOS/portable/GCC/port.d" -MT"Dave/Generated/FREERTOS/portable/GCC/port.d Dave/Generated/FREERTOS/portable/GCC/port.o" -mcpu=cortex-m0 -mthumb -g -gdwarf-2 -o "Dave/Generated/FREERTOS/portable/GCC/port.o" "../Dave/Generated/FREERTOS/portable/GCC/port.c" 
'Finished building: ../Dave/Generated/FREERTOS/portable/GCC/port.c'

'Building file: ../Dave/Generated/FREERTOS/croutine.c'
'Invoking: ARM-GCC C Compiler'
"C:/cp/DAVE442/eclipse/ARM-GCC-49/bin/arm-none-eabi-gcc" -MMD -MT "Dave/Generated/FREERTOS/croutine.o" -DXMC1100_Q024x0064 -I"C:/Workspaces/GitHub/embedded/infineon/xmc1100_freertos_spi_slave/Libraries/XMCLib/inc" -I"C:/Workspaces/GitHub/embedded/infineon/xmc1100_freertos_spi_slave/Libraries/CMSIS/Include" -I"C:/Workspaces/GitHub/embedded/infineon/xmc1100_freertos_spi_slave/Libraries/CMSIS/Infineon/XMC1100_series/Include" -I"C:/Workspaces/GitHub/embedded/infineon/xmc1100_freertos_spi_slave" -I"C:/Workspaces/GitHub/embedded/infineon/xmc1100_freertos_spi_slave/Dave/Generated" -I"C:/Workspaces/GitHub/embedded/infineon/xmc1100_freertos_spi_slave/Libraries" -O0 -ffunction-sections -fdata-sections -Wall -std=gnu99 -Wa,-adhlns="Dave/Generated/FREERTOS/croutine.o.lst" -pipe -c -fmessage-length=0 -MMD -MP -MF"Dave/Generated/FREERTOS/croutine.d" -MT"Dave/Generated/FREERTOS/croutine.d Dave/Generated/FREERTOS/croutine.o" -mcpu=cortex-m0 -mthumb -g -gdwarf-2 -o "Dave/Generated/FREERTOS/croutine.o" "../Dave/Generated/FREERTOS/croutine.c" 
'Finished building: ../Dave/Generated/FREERTOS/croutine.c'

'Building file: ../Dave/Generated/FREERTOS/event_groups.c'
'Invoking: ARM-GCC C Compiler'
"C:/cp/DAVE442/eclipse/ARM-GCC-49/bin/arm-none-eabi-gcc" -MMD -MT "Dave/Generated/FREERTOS/event_groups.o" -DXMC1100_Q024x0064 -I"C:/Workspaces/GitHub/embedded/infineon/xmc1100_freertos_spi_slave/Libraries/XMCLib/inc" -I"C:/Workspaces/GitHub/embedded/infineon/xmc1100_freertos_spi_slave/Libraries/CMSIS/Include" -I"C:/Workspaces/GitHub/embedded/infineon/xmc1100_freertos_spi_slave/Libraries/CMSIS/Infineon/XMC1100_series/Include" -I"C:/Workspaces/GitHub/embedded/infineon/xmc1100_freertos_spi_slave" -I"C:/Workspaces/GitHub/embedded/infineon/xmc1100_freertos_spi_slave/Dave/Generated" -I"C:/Workspaces/GitHub/embedded/infineon/xmc1100_freertos_spi_slave/Libraries" -O0 -ffunction-sections -fdata-sections -Wall -std=gnu99 -Wa,-adhlns="Dave/Generated/FREERTOS/event_groups.o.lst" -pipe -c -fmessage-length=0 -MMD -MP -MF"Dave/Generated/FREERTOS/event_groups.d" -MT"Dave/Generated/FREERTOS/event_groups.d Dave/Generated/FREERTOS/event_groups.o" -mcpu=cortex-m0 -mthumb -g -gdwarf-2 -o "Dave/Generated/FREERTOS/event_groups.o" "../Dave/Generated/FREERTOS/event_groups.c" 
'Finished building: ../Dave/Generated/FREERTOS/event_groups.c'

'Building file: ../Dave/Generated/FREERTOS/freertos.c'
'Invoking: ARM-GCC C Compiler'
"C:/cp/DAVE442/eclipse/ARM-GCC-49/bin/arm-none-eabi-gcc" -MMD -MT "Dave/Generated/FREERTOS/freertos.o" -DXMC1100_Q024x0064 -I"C:/Workspaces/GitHub/embedded/infineon/xmc1100_freertos_spi_slave/Libraries/XMCLib/inc" -I"C:/Workspaces/GitHub/embedded/infineon/xmc1100_freertos_spi_slave/Libraries/CMSIS/Include" -I"C:/Workspaces/GitHub/embedded/infineon/xmc1100_freertos_spi_slave/Libraries/CMSIS/Infineon/XMC1100_series/Include" -I"C:/Workspaces/GitHub/embedded/infineon/xmc1100_freertos_spi_slave" -I"C:/Workspaces/GitHub/embedded/infineon/xmc1100_freertos_spi_slave/Dave/Generated" -I"C:/Workspaces/GitHub/embedded/infineon/xmc1100_freertos_spi_slave/Libraries" -O0 -ffunction-sections -fdata-sections -Wall -std=gnu99 -Wa,-adhlns="Dave/Generated/FREERTOS/freertos.o.lst" -pipe -c -fmessage-length=0 -MMD -MP -MF"Dave/Generated/FREERTOS/freertos.d" -MT"Dave/Generated/FREERTOS/freertos.d Dave/Generated/FREERTOS/freertos.o" -mcpu=cortex-m0 -mthumb -g -gdwarf-2 -o "Dave/Generated/FREERTOS/freertos.o" "../Dave/Generated/FREERTOS/freertos.c" 
'Finished building: ../Dave/Generated/FREERTOS/freertos.c'

'Building file: ../Dave/Generated/FREERTOS/heap.c'
'Invoking: ARM-GCC C Compiler'
"C:/cp/DAVE442/eclipse/ARM-GCC-49/bin/arm-none-eabi-gcc" -MMD -MT "Dave/Generated/FREERTOS/heap.o" -DXMC1100_Q024x0064 -I"C:/Workspaces/GitHub/embedded/infineon/xmc1100_freertos_spi_slave/Libraries/XMCLib/inc" -I"C:/Workspaces/GitHub/embedded/infineon/xmc1100_freertos_spi_slave/Libraries/CMSIS/Include" -I"C:/Workspaces/GitHub/embedded/infineon/xmc1100_freertos_spi_slave/Libraries/CMSIS/Infineon/XMC1100_series/Include" -I"C:/Workspaces/GitHub/embedded/infineon/xmc1100_freertos_spi_slave" -I"C:/Workspaces/GitHub/embedded/infineon/xmc1100_freertos_spi_slave/Dave/Generated" -I"C:/Workspaces/GitHub/embedded/infineon/xmc1100_freertos_spi_slave/Libraries" -O0 -ffunction-sections -fdata-sections -Wall -std=gnu99 -Wa,-adhlns="Dave/Generated/FREERTOS/heap.o.lst" -pipe -c -fmessage-length=0 -MMD -MP -MF"Dave/Generated/FREERTOS/heap.d" -MT"Dave/Generated/FREERTOS/heap.d Dave/Generated/FREERTOS/heap.o" -mcpu=cortex-m0 -mthumb -g -gdwarf-2 -o "Dave/Generated/FREERTOS/heap.o" "../Dave/Generated/FREERTOS/heap.c" 
'Finished building: ../Dave/Generated/FREERTOS/heap.c'

'Building file: ../Dave/Generated/FREERTOS/list.c'
'Invoking: ARM-GCC C Compiler'
"C:/cp/DAVE442/eclipse/ARM-GCC-49/bin/arm-none-eabi-gcc" -MMD -MT "Dave/Generated/FREERTOS/list.o" -DXMC1100_Q024x0064 -I"C:/Workspaces/GitHub/embedded/infineon/xmc1100_freertos_spi_slave/Libraries/XMCLib/inc" -I"C:/Workspaces/GitHub/embedded/infineon/xmc1100_freertos_spi_slave/Libraries/CMSIS/Include" -I"C:/Workspaces/GitHub/embedded/infineon/xmc1100_freertos_spi_slave/Libraries/CMSIS/Infineon/XMC1100_series/Include" -I"C:/Workspaces/GitHub/embedded/infineon/xmc1100_freertos_spi_slave" -I"C:/Workspaces/GitHub/embedded/infineon/xmc1100_freertos_spi_slave/Dave/Generated" -I"C:/Workspaces/GitHub/embedded/infineon/xmc1100_freertos_spi_slave/Libraries" -O0 -ffunction-sections -fdata-sections -Wall -std=gnu99 -Wa,-adhlns="Dave/Generated/FREERTOS/list.o.lst" -pipe -c -fmessage-length=0 -MMD -MP -MF"Dave/Generated/FREERTOS/list.d" -MT"Dave/Generated/FREERTOS/list.d Dave/Generated/FREERTOS/list.o" -mcpu=cortex-m0 -mthumb -g -gdwarf-2 -o "Dave/Generated/FREERTOS/list.o" "../Dave/Generated/FREERTOS/list.c" 
'Finished building: ../Dave/Generated/FREERTOS/list.c'

'Building file: ../Dave/Generated/FREERTOS/mpu_wrappers.c'
'Invoking: ARM-GCC C Compiler'
"C:/cp/DAVE442/eclipse/ARM-GCC-49/bin/arm-none-eabi-gcc" -MMD -MT "Dave/Generated/FREERTOS/mpu_wrappers.o" -DXMC1100_Q024x0064 -I"C:/Workspaces/GitHub/embedded/infineon/xmc1100_freertos_spi_slave/Libraries/XMCLib/inc" -I"C:/Workspaces/GitHub/embedded/infineon/xmc1100_freertos_spi_slave/Libraries/CMSIS/Include" -I"C:/Workspaces/GitHub/embedded/infineon/xmc1100_freertos_spi_slave/Libraries/CMSIS/Infineon/XMC1100_series/Include" -I"C:/Workspaces/GitHub/embedded/infineon/xmc1100_freertos_spi_slave" -I"C:/Workspaces/GitHub/embedded/infineon/xmc1100_freertos_spi_slave/Dave/Generated" -I"C:/Workspaces/GitHub/embedded/infineon/xmc1100_freertos_spi_slave/Libraries" -O0 -ffunction-sections -fdata-sections -Wall -std=gnu99 -Wa,-adhlns="Dave/Generated/FREERTOS/mpu_wrappers.o.lst" -pipe -c -fmessage-length=0 -MMD -MP -MF"Dave/Generated/FREERTOS/mpu_wrappers.d" -MT"Dave/Generated/FREERTOS/mpu_wrappers.d Dave/Generated/FREERTOS/mpu_wrappers.o" -mcpu=cortex-m0 -mthumb -g -gdwarf-2 -o "Dave/Generated/FREERTOS/mpu_wrappers.o" "../Dave/Generated/FREERTOS/mpu_wrappers.c" 
'Finished building: ../Dave/Generated/FREERTOS/mpu_wrappers.c'

'Building file: ../Dave/Generated/FREERTOS/stream_buffer.c'
'Invoking: ARM-GCC C Compiler'
"C:/cp/DAVE442/eclipse/ARM-GCC-49/bin/arm-none-eabi-gcc" -MMD -MT "Dave/Generated/FREERTOS/stream_buffer.o" -DXMC1100_Q024x0064 -I"C:/Workspaces/GitHub/embedded/infineon/xmc1100_freertos_spi_slave/Libraries/XMCLib/inc" -I"C:/Workspaces/GitHub/embedded/infineon/xmc1100_freertos_spi_slave/Libraries/CMSIS/Include" -I"C:/Workspaces/GitHub/embedded/infineon/xmc1100_freertos_spi_slave/Libraries/CMSIS/Infineon/XMC1100_series/Include" -I"C:/Workspaces/GitHub/embedded/infineon/xmc1100_freertos_spi_slave" -I"C:/Workspaces/GitHub/embedded/infineon/xmc1100_freertos_spi_slave/Dave/Generated" -I"C:/Workspaces/GitHub/embedded/infineon/xmc1100_freertos_spi_slave/Libraries" -O0 -ffunction-sections -fdata-sections -Wall -std=gnu99 -Wa,-adhlns="Dave/Generated/FREERTOS/stream_buffer.o.lst" -pipe -c -fmessage-length=0 -MMD -MP -MF"Dave/Generated/FREERTOS/stream_buffer.d" -MT"Dave/Generated/FREERTOS/stream_buffer.d Dave/Generated/FREERTOS/stream_buffer.o" -mcpu=cortex-m0 -mthumb -g -gdwarf-2 -o "Dave/Generated/FREERTOS/stream_buffer.o" "../Dave/Generated/FREERTOS/stream_buffer.c" 
'Finished building: ../Dave/Generated/FREERTOS/stream_buffer.c'

'Building file: ../Dave/Generated/FREERTOS/queue.c'
'Invoking: ARM-GCC C Compiler'
"C:/cp/DAVE442/eclipse/ARM-GCC-49/bin/arm-none-eabi-gcc" -MMD -MT "Dave/Generated/FREERTOS/queue.o" -DXMC1100_Q024x0064 -I"C:/Workspaces/GitHub/embedded/infineon/xmc1100_freertos_spi_slave/Libraries/XMCLib/inc" -I"C:/Workspaces/GitHub/embedded/infineon/xmc1100_freertos_spi_slave/Libraries/CMSIS/Include" -I"C:/Workspaces/GitHub/embedded/infineon/xmc1100_freertos_spi_slave/Libraries/CMSIS/Infineon/XMC1100_series/Include" -I"C:/Workspaces/GitHub/embedded/infineon/xmc1100_freertos_spi_slave" -I"C:/Workspaces/GitHub/embedded/infineon/xmc1100_freertos_spi_slave/Dave/Generated" -I"C:/Workspaces/GitHub/embedded/infineon/xmc1100_freertos_spi_slave/Libraries" -O0 -ffunction-sections -fdata-sections -Wall -std=gnu99 -Wa,-adhlns="Dave/Generated/FREERTOS/queue.o.lst" -pipe -c -fmessage-length=0 -MMD -MP -MF"Dave/Generated/FREERTOS/queue.d" -MT"Dave/Generated/FREERTOS/queue.d Dave/Generated/FREERTOS/queue.o" -mcpu=cortex-m0 -mthumb -g -gdwarf-2 -o "Dave/Generated/FREERTOS/queue.o" "../Dave/Generated/FREERTOS/queue.c" 
'Finished building: ../Dave/Generated/FREERTOS/queue.c'

'Building file: ../Dave/Generated/FREERTOS/timers.c'
'Invoking: ARM-GCC C Compiler'
"C:/cp/DAVE442/eclipse/ARM-GCC-49/bin/arm-none-eabi-gcc" -MMD -MT "Dave/Generated/FREERTOS/timers.o" -DXMC1100_Q024x0064 -I"C:/Workspaces/GitHub/embedded/infineon/xmc1100_freertos_spi_slave/Libraries/XMCLib/inc" -I"C:/Workspaces/GitHub/embedded/infineon/xmc1100_freertos_spi_slave/Libraries/CMSIS/Include" -I"C:/Workspaces/GitHub/embedded/infineon/xmc1100_freertos_spi_slave/Libraries/CMSIS/Infineon/XMC1100_series/Include" -I"C:/Workspaces/GitHub/embedded/infineon/xmc1100_freertos_spi_slave" -I"C:/Workspaces/GitHub/embedded/infineon/xmc1100_freertos_spi_slave/Dave/Generated" -I"C:/Workspaces/GitHub/embedded/infineon/xmc1100_freertos_spi_slave/Libraries" -O0 -ffunction-sections -fdata-sections -Wall -std=gnu99 -Wa,-adhlns="Dave/Generated/FREERTOS/timers.o.lst" -pipe -c -fmessage-length=0 -MMD -MP -MF"Dave/Generated/FREERTOS/timers.d" -MT"Dave/Generated/FREERTOS/timers.d Dave/Generated/FREERTOS/timers.o" -mcpu=cortex-m0 -mthumb -g -gdwarf-2 -o "Dave/Generated/FREERTOS/timers.o" "../Dave/Generated/FREERTOS/timers.c" 
'Finished building: ../Dave/Generated/FREERTOS/timers.c'

'Building file: ../Dave/Generated/FREERTOS/tasks.c'
'Invoking: ARM-GCC C Compiler'
"C:/cp/DAVE442/eclipse/ARM-GCC-49/bin/arm-none-eabi-gcc" -MMD -MT "Dave/Generated/FREERTOS/tasks.o" -DXMC1100_Q024x0064 -I"C:/Workspaces/GitHub/embedded/infineon/xmc1100_freertos_spi_slave/Libraries/XMCLib/inc" -I"C:/Workspaces/GitHub/embedded/infineon/xmc1100_freertos_spi_slave/Libraries/CMSIS/Include" -I"C:/Workspaces/GitHub/embedded/infineon/xmc1100_freertos_spi_slave/Libraries/CMSIS/Infineon/XMC1100_series/Include" -I"C:/Workspaces/GitHub/embedded/infineon/xmc1100_freertos_spi_slave" -I"C:/Workspaces/GitHub/embedded/infineon/xmc1100_freertos_spi_slave/Dave/Generated" -I"C:/Workspaces/GitHub/embedded/infineon/xmc1100_freertos_spi_slave/Libraries" -O0 -ffunction-sections -fdata-sections -Wall -std=gnu99 -Wa,-adhlns="Dave/Generated/FREERTOS/tasks.o.lst" -pipe -c -fmessage-length=0 -MMD -MP -MF"Dave/Generated/FREERTOS/tasks.d" -MT"Dave/Generated/FREERTOS/tasks.d Dave/Generated/FREERTOS/tasks.o" -mcpu=cortex-m0 -mthumb -g -gdwarf-2 -o "Dave/Generated/FREERTOS/tasks.o" "../Dave/Generated/FREERTOS/tasks.c" 
'Finished building: ../Dave/Generated/FREERTOS/tasks.c'

'Building file: ../Dave/Generated/DIGITAL_IO/digital_io.c'
'Invoking: ARM-GCC C Compiler'
"C:/cp/DAVE442/eclipse/ARM-GCC-49/bin/arm-none-eabi-gcc" -MMD -MT "Dave/Generated/DIGITAL_IO/digital_io.o" -DXMC1100_Q024x0064 -I"C:/Workspaces/GitHub/embedded/infineon/xmc1100_freertos_spi_slave/Libraries/XMCLib/inc" -I"C:/Workspaces/GitHub/embedded/infineon/xmc1100_freertos_spi_slave/Libraries/CMSIS/Include" -I"C:/Workspaces/GitHub/embedded/infineon/xmc1100_freertos_spi_slave/Libraries/CMSIS/Infineon/XMC1100_series/Include" -I"C:/Workspaces/GitHub/embedded/infineon/xmc1100_freertos_spi_slave" -I"C:/Workspaces/GitHub/embedded/infineon/xmc1100_freertos_spi_slave/Dave/Generated" -I"C:/Workspaces/GitHub/embedded/infineon/xmc1100_freertos_spi_slave/Libraries" -O0 -ffunction-sections -fdata-sections -Wall -std=gnu99 -Wa,-adhlns="Dave/Generated/DIGITAL_IO/digital_io.o.lst" -pipe -c -fmessage-length=0 -MMD -MP -MF"Dave/Generated/DIGITAL_IO/digital_io.d" -MT"Dave/Generated/DIGITAL_IO/digital_io.d Dave/Generated/DIGITAL_IO/digital_io.o" -mcpu=cortex-m0 -mthumb -g -gdwarf-2 -o "Dave/Generated/DIGITAL_IO/digital_io.o" "../Dave/Generated/DIGITAL_IO/digital_io.c" 
'Finished building: ../Dave/Generated/DIGITAL_IO/digital_io.c'

'Building file: ../Dave/Generated/DIGITAL_IO/digital_io_conf.c'
'Invoking: ARM-GCC C Compiler'
"C:/cp/DAVE442/eclipse/ARM-GCC-49/bin/arm-none-eabi-gcc" -MMD -MT "Dave/Generated/DIGITAL_IO/digital_io_conf.o" -DXMC1100_Q024x0064 -I"C:/Workspaces/GitHub/embedded/infineon/xmc1100_freertos_spi_slave/Libraries/XMCLib/inc" -I"C:/Workspaces/GitHub/embedded/infineon/xmc1100_freertos_spi_slave/Libraries/CMSIS/Include" -I"C:/Workspaces/GitHub/embedded/infineon/xmc1100_freertos_spi_slave/Libraries/CMSIS/Infineon/XMC1100_series/Include" -I"C:/Workspaces/GitHub/embedded/infineon/xmc1100_freertos_spi_slave" -I"C:/Workspaces/GitHub/embedded/infineon/xmc1100_freertos_spi_slave/Dave/Generated" -I"C:/Workspaces/GitHub/embedded/infineon/xmc1100_freertos_spi_slave/Libraries" -O0 -ffunction-sections -fdata-sections -Wall -std=gnu99 -Wa,-adhlns="Dave/Generated/DIGITAL_IO/digital_io_conf.o.lst" -pipe -c -fmessage-length=0 -MMD -MP -MF"Dave/Generated/DIGITAL_IO/digital_io_conf.d" -MT"Dave/Generated/DIGITAL_IO/digital_io_conf.d Dave/Generated/DIGITAL_IO/digital_io_conf.o" -mcpu=cortex-m0 -mthumb -g -gdwarf-2 -o "Dave/Generated/DIGITAL_IO/digital_io_conf.o" "../Dave/Generated/DIGITAL_IO/digital_io_conf.c" 
'Finished building: ../Dave/Generated/DIGITAL_IO/digital_io_conf.c'

'Building file: ../Dave/Generated/CPU_CTRL_XMC1/cpu_ctrl_xmc1.c'
'Invoking: ARM-GCC C Compiler'
"C:/cp/DAVE442/eclipse/ARM-GCC-49/bin/arm-none-eabi-gcc" -MMD -MT "Dave/Generated/CPU_CTRL_XMC1/cpu_ctrl_xmc1.o" -DXMC1100_Q024x0064 -I"C:/Workspaces/GitHub/embedded/infineon/xmc1100_freertos_spi_slave/Libraries/XMCLib/inc" -I"C:/Workspaces/GitHub/embedded/infineon/xmc1100_freertos_spi_slave/Libraries/CMSIS/Include" -I"C:/Workspaces/GitHub/embedded/infineon/xmc1100_freertos_spi_slave/Libraries/CMSIS/Infineon/XMC1100_series/Include" -I"C:/Workspaces/GitHub/embedded/infineon/xmc1100_freertos_spi_slave" -I"C:/Workspaces/GitHub/embedded/infineon/xmc1100_freertos_spi_slave/Dave/Generated" -I"C:/Workspaces/GitHub/embedded/infineon/xmc1100_freertos_spi_slave/Libraries" -O0 -ffunction-sections -fdata-sections -Wall -std=gnu99 -Wa,-adhlns="Dave/Generated/CPU_CTRL_XMC1/cpu_ctrl_xmc1.o.lst" -pipe -c -fmessage-length=0 -MMD -MP -MF"Dave/Generated/CPU_CTRL_XMC1/cpu_ctrl_xmc1.d" -MT"Dave/Generated/CPU_CTRL_XMC1/cpu_ctrl_xmc1.d Dave/Generated/CPU_CTRL_XMC1/cpu_ctrl_xmc1.o" -mcpu=cortex-m0 -mthumb -g -gdwarf-2 -o "Dave/Generated/CPU_CTRL_XMC1/cpu_ctrl_xmc1.o" "../Dave/Generated/CPU_CTRL_XMC1/cpu_ctrl_xmc1.c" 
'Finished building: ../Dave/Generated/CPU_CTRL_XMC1/cpu_ctrl_xmc1.c'

'Building file: ../Dave/Generated/CPU_CTRL_XMC1/cpu_ctrl_xmc1_conf.c'
'Invoking: ARM-GCC C Compiler'
"C:/cp/DAVE442/eclipse/ARM-GCC-49/bin/arm-none-eabi-gcc" -MMD -MT "Dave/Generated/CPU_CTRL_XMC1/cpu_ctrl_xmc1_conf.o" -DXMC1100_Q024x0064 -I"C:/Workspaces/GitHub/embedded/infineon/xmc1100_freertos_spi_slave/Libraries/XMCLib/inc" -I"C:/Workspaces/GitHub/embedded/infineon/xmc1100_freertos_spi_slave/Libraries/CMSIS/Include" -I"C:/Workspaces/GitHub/embedded/infineon/xmc1100_freertos_spi_slave/Libraries/CMSIS/Infineon/XMC1100_series/Include" -I"C:/Workspaces/GitHub/embedded/infineon/xmc1100_freertos_spi_slave" -I"C:/Workspaces/GitHub/embedded/infineon/xmc1100_freertos_spi_slave/Dave/Generated" -I"C:/Workspaces/GitHub/embedded/infineon/xmc1100_freertos_spi_slave/Libraries" -O0 -ffunction-sections -fdata-sections -Wall -std=gnu99 -Wa,-adhlns="Dave/Generated/CPU_CTRL_XMC1/cpu_ctrl_xmc1_conf.o.lst" -pipe -c -fmessage-length=0 -MMD -MP -MF"Dave/Generated/CPU_CTRL_XMC1/cpu_ctrl_xmc1_conf.d" -MT"Dave/Generated/CPU_CTRL_XMC1/cpu_ctrl_xmc1_conf.d Dave/Generated/CPU_CTRL_XMC1/cpu_ctrl_xmc1_conf.o" -mcpu=cortex-m0 -mthumb -g -gdwarf-2 -o "Dave/Generated/CPU_CTRL_XMC1/cpu_ctrl_xmc1_conf.o" "../Dave/Generated/CPU_CTRL_XMC1/cpu_ctrl_xmc1_conf.c" 
'Finished building: ../Dave/Generated/CPU_CTRL_XMC1/cpu_ctrl_xmc1_conf.c'

'Building file: ../Dave/Generated/CLOCK_XMC1/clock_xmc1.c'
'Invoking: ARM-GCC C Compiler'
"C:/cp/DAVE442/eclipse/ARM-GCC-49/bin/arm-none-eabi-gcc" -MMD -MT "Dave/Generated/CLOCK_XMC1/clock_xmc1.o" -DXMC1100_Q024x0064 -I"C:/Workspaces/GitHub/embedded/infineon/xmc1100_freertos_spi_slave/Libraries/XMCLib/inc" -I"C:/Workspaces/GitHub/embedded/infineon/xmc1100_freertos_spi_slave/Libraries/CMSIS/Include" -I"C:/Workspaces/GitHub/embedded/infineon/xmc1100_freertos_spi_slave/Libraries/CMSIS/Infineon/XMC1100_series/Include" -I"C:/Workspaces/GitHub/embedded/infineon/xmc1100_freertos_spi_slave" -I"C:/Workspaces/GitHub/embedded/infineon/xmc1100_freertos_spi_slave/Dave/Generated" -I"C:/Workspaces/GitHub/embedded/infineon/xmc1100_freertos_spi_slave/Libraries" -O0 -ffunction-sections -fdata-sections -Wall -std=gnu99 -Wa,-adhlns="Dave/Generated/CLOCK_XMC1/clock_xmc1.o.lst" -pipe -c -fmessage-length=0 -MMD -MP -MF"Dave/Generated/CLOCK_XMC1/clock_xmc1.d" -MT"Dave/Generated/CLOCK_XMC1/clock_xmc1.d Dave/Generated/CLOCK_XMC1/clock_xmc1.o" -mcpu=cortex-m0 -mthumb -g -gdwarf-2 -o "Dave/Generated/CLOCK_XMC1/clock_xmc1.o" "../Dave/Generated/CLOCK_XMC1/clock_xmc1.c" 
'Finished building: ../Dave/Generated/CLOCK_XMC1/clock_xmc1.c'

'Building file: ../Dave/Generated/CLOCK_XMC1/clock_xmc1_conf.c'
'Invoking: ARM-GCC C Compiler'
"C:/cp/DAVE442/eclipse/ARM-GCC-49/bin/arm-none-eabi-gcc" -MMD -MT "Dave/Generated/CLOCK_XMC1/clock_xmc1_conf.o" -DXMC1100_Q024x0064 -I"C:/Workspaces/GitHub/embedded/infineon/xmc1100_freertos_spi_slave/Libraries/XMCLib/inc" -I"C:/Workspaces/GitHub/embedded/infineon/xmc1100_freertos_spi_slave/Libraries/CMSIS/Include" -I"C:/Workspaces/GitHub/embedded/infineon/xmc1100_freertos_spi_slave/Libraries/CMSIS/Infineon/XMC1100_series/Include" -I"C:/Workspaces/GitHub/embedded/infineon/xmc1100_freertos_spi_slave" -I"C:/Workspaces/GitHub/embedded/infineon/xmc1100_freertos_spi_slave/Dave/Generated" -I"C:/Workspaces/GitHub/embedded/infineon/xmc1100_freertos_spi_slave/Libraries" -O0 -ffunction-sections -fdata-sections -Wall -std=gnu99 -Wa,-adhlns="Dave/Generated/CLOCK_XMC1/clock_xmc1_conf.o.lst" -pipe -c -fmessage-length=0 -MMD -MP -MF"Dave/Generated/CLOCK_XMC1/clock_xmc1_conf.d" -MT"Dave/Generated/CLOCK_XMC1/clock_xmc1_conf.d Dave/Generated/CLOCK_XMC1/clock_xmc1_conf.o" -mcpu=cortex-m0 -mthumb -g -gdwarf-2 -o "Dave/Generated/CLOCK_XMC1/clock_xmc1_conf.o" "../Dave/Generated/CLOCK_XMC1/clock_xmc1_conf.c" 
'Finished building: ../Dave/Generated/CLOCK_XMC1/clock_xmc1_conf.c'

'Building file: ../Dave/Generated/DAVE.c'
'Invoking: ARM-GCC C Compiler'
"C:/cp/DAVE442/eclipse/ARM-GCC-49/bin/arm-none-eabi-gcc" -MMD -MT "Dave/Generated/DAVE.o" -DXMC1100_Q024x0064 -I"C:/Workspaces/GitHub/embedded/infineon/xmc1100_freertos_spi_slave/Libraries/XMCLib/inc" -I"C:/Workspaces/GitHub/embedded/infineon/xmc1100_freertos_spi_slave/Libraries/CMSIS/Include" -I"C:/Workspaces/GitHub/embedded/infineon/xmc1100_freertos_spi_slave/Libraries/CMSIS/Infineon/XMC1100_series/Include" -I"C:/Workspaces/GitHub/embedded/infineon/xmc1100_freertos_spi_slave" -I"C:/Workspaces/GitHub/embedded/infineon/xmc1100_freertos_spi_slave/Dave/Generated" -I"C:/Workspaces/GitHub/embedded/infineon/xmc1100_freertos_spi_slave/Libraries" -O0 -ffunction-sections -fdata-sections -Wall -std=gnu99 -Wa,-adhlns="Dave/Generated/DAVE.o.lst" -pipe -c -fmessage-length=0 -MMD -MP -MF"Dave/Generated/DAVE.d" -MT"Dave/Generated/DAVE.d Dave/Generated/DAVE.o" -mcpu=cortex-m0 -mthumb -g -gdwarf-2 -o "Dave/Generated/DAVE.o" "../Dave/Generated/DAVE.c" 
'Finished building: ../Dave/Generated/DAVE.c'

'Building file: ../ManagerTask.c'
'Invoking: ARM-GCC C Compiler'
"C:/cp/DAVE442/eclipse/ARM-GCC-49/bin/arm-none-eabi-gcc" -MMD -MT "ManagerTask.o" -DXMC1100_Q024x0064 -I"C:/Workspaces/GitHub/embedded/infineon/xmc1100_freertos_spi_slave/Libraries/XMCLib/inc" -I"C:/Workspaces/GitHub/embedded/infineon/xmc1100_freertos_spi_slave/Libraries/CMSIS/Include" -I"C:/Workspaces/GitHub/embedded/infineon/xmc1100_freertos_spi_slave/Libraries/CMSIS/Infineon/XMC1100_series/Include" -I"C:/Workspaces/GitHub/embedded/infineon/xmc1100_freertos_spi_slave" -I"C:/Workspaces/GitHub/embedded/infineon/xmc1100_freertos_spi_slave/Dave/Generated" -I"C:/Workspaces/GitHub/embedded/infineon/xmc1100_freertos_spi_slave/Libraries" -O0 -ffunction-sections -fdata-sections -Wall -std=gnu99 -Wa,-adhlns="ManagerTask.o.lst" -pipe -c -fmessage-length=0 -MMD -MP -MF"ManagerTask.d" -MT"ManagerTask.d ManagerTask.o" -mcpu=cortex-m0 -mthumb -g -gdwarf-2 -o "ManagerTask.o" "../ManagerTask.c" 
'Finished building: ../ManagerTask.c'

'Building file: ../SpiTask.c'
../SpiTask.c: In function 'SPI_Slave_Task':
'Invoking: ARM-GCC C Compiler'
../SpiTask.c:62:19: warning: unused variable 'xBlockTime' [-Wunused-variable]
"C:/cp/DAVE442/eclipse/ARM-GCC-49/bin/arm-none-eabi-gcc" -MMD -MT "SpiTask.o" -DXMC1100_Q024x0064 -I"C:/Workspaces/GitHub/embedded/infineon/xmc1100_freertos_spi_slave/Libraries/XMCLib/inc" -I"C:/Workspaces/GitHub/embedded/infineon/xmc1100_freertos_spi_slave/Libraries/CMSIS/Include" -I"C:/Workspaces/GitHub/embedded/infineon/xmc1100_freertos_spi_slave/Libraries/CMSIS/Infineon/XMC1100_series/Include" -I"C:/Workspaces/GitHub/embedded/infineon/xmc1100_freertos_spi_slave" -I"C:/Workspaces/GitHub/embedded/infineon/xmc1100_freertos_spi_slave/Dave/Generated" -I"C:/Workspaces/GitHub/embedded/infineon/xmc1100_freertos_spi_slave/Libraries" -O0 -ffunction-sections -fdata-sections -Wall -std=gnu99 -Wa,-adhlns="SpiTask.o.lst" -pipe -c -fmessage-length=0 -MMD -MP -MF"SpiTask.d" -MT"SpiTask.d SpiTask.o" -mcpu=cortex-m0 -mthumb -g -gdwarf-2 -o "SpiTask.o" "../SpiTask.c" 
  const TickType_t xBlockTime = pdMS_TO_TICKS(200);
'Finished building: ../SpiTask.c'
                   ^

../UartTask.c: In function 'fMyPrintf':
'Building file: ../UartTask.c'
../UartTask.c:48:3: warning: value computed is not used [-Wunused-value]
'Invoking: ARM-GCC C Compiler'
   *p++;
[...]
'Invoking: ARM-GCC C Compiler'
"C:/cp/DAVE442/eclipse/ARM-GCC-49/bin/arm-none-eabi-gcc" -MMD -MT "Dave/Generated/DIGITAL_IO/digital_io_conf.o" -DXMC1100_Q024x0064 -I"C:/Workspaces/GitHub/embedded/infineon/xmc1100_freertos_spi_slave/Libraries/XMCLib/inc" -I"C:/Workspaces/GitHub/embedded/infineon/xmc1100_freertos_spi_slave/Libraries/CMSIS/Include" -I"C:/Workspaces/GitHub/embedded/infineon/xmc1100_freertos_spi_slave/Libraries/CMSIS/Infineon/XMC1100_series/Include" -I"C:/Workspaces/GitHub/embedded/infineon/xmc1100_freertos_spi_slave" -I"C:/Workspaces/GitHub/embedded/infineon/xmc1100_freertos_spi_slave/Dave/Generated" -I"C:/Workspaces/GitHub/embedded/infineon/xmc1100_freertos_spi_slave/Libraries" -O0 -ffunction-sections -fdata-sections -Wall -std=gnu99 -Wa,-adhlns="Dave/Generated/DIGITAL_IO/digital_io_conf.o.lst" -pipe -c -fmessage-length=0 -MMD -MP -MF"Dave/Generated/DIGITAL_IO/digital_io_conf.d" -MT"Dave/Generated/DIGITAL_IO/digital_io_conf.d Dave/Generated/DIGITAL_IO/digital_io_conf.o" -mcpu=cortex-m0 -mthumb -g -gdwarf-2 -o "Dave/Generated/DIGITAL_IO/digital_io_conf.o" "../Dave/Generated/DIGITAL_IO/digital_io_conf.c" 
'Finished building: ../Dave/Generated/DIGITAL_IO/digital_io_conf.c'

'Building file: ../Dave/Generated/CPU_CTRL_XMC1/cpu_ctrl_xmc1_conf.c'
'Invoking: ARM-GCC C Compiler'
"C:/cp/DAVE442/eclipse/ARM-GCC-49/bin/arm-none-eabi-gcc" -MMD -MT "Dave/Generated/CPU_CTRL_XMC1/cpu_ctrl_xmc1_conf.o" -DXMC1100_Q024x0064 -I"C:/Workspaces/GitHub/embedded/infineon/xmc1100_freertos_spi_slave/Libraries/XMCLib/inc" -I"C:/Workspaces/GitHub/embedded/infineon/xmc1100_freertos_spi_slave/Libraries/CMSIS/Include" -I"C:/Workspaces/GitHub/embedded/infineon/xmc1100_freertos_spi_slave/Libraries/CMSIS/Infineon/XMC1100_series/Include" -I"C:/Workspaces/GitHub/embedded/infineon/xmc1100_freertos_spi_slave" -I"C:/Workspaces/GitHub/embedded/infineon/xmc1100_freertos_spi_slave/Dave/Generated" -I"C:/Workspaces/GitHub/embedded/infineon/xmc1100_freertos_spi_slave/Libraries" -O0 -ffunction-sections -fdata-sections -Wall -std=gnu99 -Wa,-adhlns="Dave/Generated/CPU_CTRL_XMC1/cpu_ctrl_xmc1_conf.o.lst" -pipe -c -fmessage-length=0 -MMD -MP -MF"Dave/Generated/CPU_CTRL_XMC1/cpu_ctrl_xmc1_conf.d" -MT"Dave/Generated/CPU_CTRL_XMC1/cpu_ctrl_xmc1_conf.d Dave/Generated/CPU_CTRL_XMC1/cpu_ctrl_xmc1_conf.o" -mcpu=cortex-m0 -mthumb -g -gdwarf-2 -o "Dave/Generated/CPU_CTRL_XMC1/cpu_ctrl_xmc1_conf.o" "../Dave/Generated/CPU_CTRL_XMC1/cpu_ctrl_xmc1_conf.c" 
'Finished building: ../Dave/Generated/CPU_CTRL_XMC1/cpu_ctrl_xmc1_conf.c'

'Building file: ../Dave/Generated/CLOCK_XMC1/clock_xmc1_conf.c'
'Invoking: ARM-GCC C Compiler'
"C:/cp/DAVE442/eclipse/ARM-GCC-49/bin/arm-none-eabi-gcc" -MMD -MT "Dave/Generated/CLOCK_XMC1/clock_xmc1_conf.o" -DXMC1100_Q024x0064 -I"C:/Workspaces/GitHub/embedded/infineon/xmc1100_freertos_spi_slave/Libraries/XMCLib/inc" -I"C:/Workspaces/GitHub/embedded/infineon/xmc1100_freertos_spi_slave/Libraries/CMSIS/Include" -I"C:/Workspaces/GitHub/embedded/infineon/xmc1100_freertos_spi_slave/Libraries/CMSIS/Infineon/XMC1100_series/Include" -I"C:/Workspaces/GitHub/embedded/infineon/xmc1100_freertos_spi_slave" -I"C:/Workspaces/GitHub/embedded/infineon/xmc1100_freertos_spi_slave/Dave/Generated" -I"C:/Workspaces/GitHub/embedded/infineon/xmc1100_freertos_spi_slave/Libraries" -O0 -ffunction-sections -fdata-sections -Wall -std=gnu99 -Wa,-adhlns="Dave/Generated/CLOCK_XMC1/clock_xmc1_conf.o.lst" -pipe -c -fmessage-length=0 -MMD -MP -MF"Dave/Generated/CLOCK_XMC1/clock_xmc1_conf.d" -MT"Dave/Generated/CLOCK_XMC1/clock_xmc1_conf.d Dave/Generated/CLOCK_XMC1/clock_xmc1_conf.o" -mcpu=cortex-m0 -mthumb -g -gdwarf-2 -o "Dave/Generated/CLOCK_XMC1/clock_xmc1_conf.o" "../Dave/Generated/CLOCK_XMC1/clock_xmc1_conf.c" 
'Finished building: ../Dave/Generated/CLOCK_XMC1/clock_xmc1_conf.c'

'Building file: ../Dave/Generated/CLOCK_XMC1/clock_xmc1.c'
'Invoking: ARM-GCC C Compiler'
"C:/cp/DAVE442/eclipse/ARM-GCC-49/bin/arm-none-eabi-gcc" -MMD -MT "Dave/Generated/CLOCK_XMC1/clock_xmc1.o" -DXMC1100_Q024x0064 -I"C:/Workspaces/GitHub/embedded/infineon/xmc1100_freertos_spi_slave/Libraries/XMCLib/inc" -I"C:/Workspaces/GitHub/embedded/infineon/xmc1100_freertos_spi_slave/Libraries/CMSIS/Include" -I"C:/Workspaces/GitHub/embedded/infineon/xmc1100_freertos_spi_slave/Libraries/CMSIS/Infineon/XMC1100_series/Include" -I"C:/Workspaces/GitHub/embedded/infineon/xmc1100_freertos_spi_slave" -I"C:/Workspaces/GitHub/embedded/infineon/xmc1100_freertos_spi_slave/Dave/Generated" -I"C:/Workspaces/GitHub/embedded/infineon/xmc1100_freertos_spi_slave/Libraries" -O0 -ffunction-sections -fdata-sections -Wall -std=gnu99 -Wa,-adhlns="Dave/Generated/CLOCK_XMC1/clock_xmc1.o.lst" -pipe -c -fmessage-length=0 -MMD -MP -MF"Dave/Generated/CLOCK_XMC1/clock_xmc1.d" -MT"Dave/Generated/CLOCK_XMC1/clock_xmc1.d Dave/Generated/CLOCK_XMC1/clock_xmc1.o" -mcpu=cortex-m0 -mthumb -g -gdwarf-2 -o "Dave/Generated/CLOCK_XMC1/clock_xmc1.o" "../Dave/Generated/CLOCK_XMC1/clock_xmc1.c" 
'Finished building: ../Dave/Generated/CLOCK_XMC1/clock_xmc1.c'

'Building file: ../Dave/Generated/DAVE.c'
'Invoking: ARM-GCC C Compiler'
"C:/cp/DAVE442/eclipse/ARM-GCC-49/bin/arm-none-eabi-gcc" -MMD -MT "Dave/Generated/DAVE.o" -DXMC1100_Q024x0064 -I"C:/Workspaces/GitHub/embedded/infineon/xmc1100_freertos_spi_slave/Libraries/XMCLib/inc" -I"C:/Workspaces/GitHub/embedded/infineon/xmc1100_freertos_spi_slave/Libraries/CMSIS/Include" -I"C:/Workspaces/GitHub/embedded/infineon/xmc1100_freertos_spi_slave/Libraries/CMSIS/Infineon/XMC1100_series/Include" -I"C:/Workspaces/GitHub/embedded/infineon/xmc1100_freertos_spi_slave" -I"C:/Workspaces/GitHub/embedded/infineon/xmc1100_freertos_spi_slave/Dave/Generated" -I"C:/Workspaces/GitHub/embedded/infineon/xmc1100_freertos_spi_slave/Libraries" -O0 -ffunction-sections -fdata-sections -Wall -std=gnu99 -Wa,-adhlns="Dave/Generated/DAVE.o.lst" -pipe -c -fmessage-length=0 -MMD -MP -MF"Dave/Generated/DAVE.d" -MT"Dave/Generated/DAVE.d Dave/Generated/DAVE.o" -mcpu=cortex-m0 -mthumb -g -gdwarf-2 -o "Dave/Generated/DAVE.o" "../Dave/Generated/DAVE.c" 
'Finished building: ../Dave/Generated/DAVE.c'

'Building file: ../ManagerTask.c'
'Invoking: ARM-GCC C Compiler'
"C:/cp/DAVE442/eclipse/ARM-GCC-49/bin/arm-none-eabi-gcc" -MMD -MT "ManagerTask.o" -DXMC1100_Q024x0064 -I"C:/Workspaces/GitHub/embedded/infineon/xmc1100_freertos_spi_slave/Libraries/XMCLib/inc" -I"C:/Workspaces/GitHub/embedded/infineon/xmc1100_freertos_spi_slave/Libraries/CMSIS/Include" -I"C:/Workspaces/GitHub/embedded/infineon/xmc1100_freertos_spi_slave/Libraries/CMSIS/Infineon/XMC1100_series/Include" -I"C:/Workspaces/GitHub/embedded/infineon/xmc1100_freertos_spi_slave" -I"C:/Workspaces/GitHub/embedded/infineon/xmc1100_freertos_spi_slave/Dave/Generated" -I"C:/Workspaces/GitHub/embedded/infineon/xmc1100_freertos_spi_slave/Libraries" -O0 -ffunction-sections -fdata-sections -Wall -std=gnu99 -Wa,-adhlns="ManagerTask.o.lst" -pipe -c -fmessage-length=0 -MMD -MP -MF"ManagerTask.d" -MT"ManagerTask.d ManagerTask.o" -mcpu=cortex-m0 -mthumb -g -gdwarf-2 -o "ManagerTask.o" "../ManagerTask.c" 
'Finished building: ../ManagerTask.c'

'Building file: ../SpiTask.c'
../SpiTask.c: In function 'SPI_Slave_Task':
'Invoking: ARM-GCC C Compiler'
../SpiTask.c:62:19: warning: unused variable 'xBlockTime' [-Wunused-variable]
"C:/cp/DAVE442/eclipse/ARM-GCC-49/bin/arm-none-eabi-gcc" -MMD -MT "SpiTask.o" -DXMC1100_Q024x0064 -I"C:/Workspaces/GitHub/embedded/infineon/xmc1100_freertos_spi_slave/Libraries/XMCLib/inc" -I"C:/Workspaces/GitHub/embedded/infineon/xmc1100_freertos_spi_slave/Libraries/CMSIS/Include" -I"C:/Workspaces/GitHub/embedded/infineon/xmc1100_freertos_spi_slave/Libraries/CMSIS/Infineon/XMC1100_series/Include" -I"C:/Workspaces/GitHub/embedded/infineon/xmc1100_freertos_spi_slave" -I"C:/Workspaces/GitHub/embedded/infineon/xmc1100_freertos_spi_slave/Dave/Generated" -I"C:/Workspaces/GitHub/embedded/infineon/xmc1100_freertos_spi_slave/Libraries" -O0 -ffunction-sections -fdata-sections -Wall -std=gnu99 -Wa,-adhlns="SpiTask.o.lst" -pipe -c -fmessage-length=0 -MMD -MP -MF"SpiTask.d" -MT"SpiTask.d SpiTask.o" -mcpu=cortex-m0 -mthumb -g -gdwarf-2 -o "SpiTask.o" "../SpiTask.c" 
  const TickType_t xBlockTime = pdMS_TO_TICKS(200);
'Finished building: ../SpiTask.c'
                   ^

'Building file: ../UartTask.c'
'Invoking: ARM-GCC C Compiler'
../UartTask.c: In function 'fMyPrintf':
"C:/cp/DAVE442/eclipse/ARM-GCC-49/bin/arm-none-eabi-gcc" -MMD -MT "UartTask.o" -DXMC1100_Q024x0064 -I"C:/Workspaces/GitHub/embedded/infineon/xmc1100_freertos_spi_slave/Libraries/XMCLib/inc" -I"C:/Workspaces/GitHub/embedded/infineon/xmc1100_freertos_spi_slave/Libraries/CMSIS/Include" -I"C:/Workspaces/GitHub/embedded/infineon/xmc1100_freertos_spi_slave/Libraries/CMSIS/Infineon/XMC1100_series/Include" -I"C:/Workspaces/GitHub/embedded/infineon/xmc1100_freertos_spi_slave" -I"C:/Workspaces/GitHub/embedded/infineon/xmc1100_freertos_spi_slave/Dave/Generated" -I"C:/Workspaces/GitHub/embedded/infineon/xmc1100_freertos_spi_slave/Libraries" -O0 -ffunction-sections -fdata-sections -Wall -std=gnu99 -Wa,-adhlns="UartTask.o.lst" -pipe -c -fmessage-length=0 -MMD -MP -MF"UartTask.d" -MT"UartTask.d UartTask.o" -mcpu=cortex-m0 -mthumb -g -gdwarf-2 -o "UartTask.o" "../UartTask.c" 
../UartTask.c:48:3: warning: value computed is not used [-Wunused-value]
'Finished building: ../UartTask.c'
   *p++;

   ^
'Building file: ../Worker1Task.c'
'Invoking: ARM-GCC C Compiler'
"C:/cp/DAVE442/eclipse/ARM-GCC-49/bin/arm-none-eabi-gcc" -MMD -MT "Worker1Task.o" -DXMC1100_Q024x0064 -I"C:/Workspaces/GitHub/embedded/infineon/xmc1100_freertos_spi_slave/Libraries/XMCLib/inc" -I"C:/Workspaces/GitHub/embedded/infineon/xmc1100_freertos_spi_slave/Libraries/CMSIS/Include" -I"C:/Workspaces/GitHub/embedded/infineon/xmc1100_freertos_spi_slave/Libraries/CMSIS/Infineon/XMC1100_series/Include" -I"C:/Workspaces/GitHub/embedded/infineon/xmc1100_freertos_spi_slave" -I"C:/Workspaces/GitHub/embedded/infineon/xmc1100_freertos_spi_slave/Dave/Generated" -I"C:/Workspaces/GitHub/embedded/infineon/xmc1100_freertos_spi_slave/Libraries" -O0 -ffunction-sections -fdata-sections -Wall -std=gnu99 -Wa,-adhlns="Worker1Task.o.lst" -pipe -c -fmessage-length=0 -MMD -MP -MF"Worker1Task.d" -MT"Worker1Task.d Worker1Task.o" -mcpu=cortex-m0 -mthumb -g -gdwarf-2 -o "Worker1Task.o" "../Worker1Task.c" 
'Finished building: ../Worker1Task.c'

'Building file: ../Worker2Task.c'
'Invoking: ARM-GCC C Compiler'
"C:/cp/DAVE442/eclipse/ARM-GCC-49/bin/arm-none-eabi-gcc" -MMD -MT "Worker2Task.o" -DXMC1100_Q024x0064 -I"C:/Workspaces/GitHub/embedded/infineon/xmc1100_freertos_spi_slave/Libraries/XMCLib/inc" -I"C:/Workspaces/GitHub/embedded/infineon/xmc1100_freertos_spi_slave/Libraries/CMSIS/Include" -I"C:/Workspaces/GitHub/embedded/infineon/xmc1100_freertos_spi_slave/Libraries/CMSIS/Infineon/XMC1100_series/Include" -I"C:/Workspaces/GitHub/embedded/infineon/xmc1100_freertos_spi_slave" -I"C:/Workspaces/GitHub/embedded/infineon/xmc1100_freertos_spi_slave/Dave/Generated" -I"C:/Workspaces/GitHub/embedded/infineon/xmc1100_freertos_spi_slave/Libraries" -O0 -ffunction-sections -fdata-sections -Wall -std=gnu99 -Wa,-adhlns="Worker2Task.o.lst" -pipe -c -fmessage-length=0 -MMD -MP -MF"Worker2Task.d" -MT"Worker2Task.d Worker2Task.o" -mcpu=cortex-m0 -mthumb -g -gdwarf-2 -o "Worker2Task.o" "../Worker2Task.c" 
'Finished building: ../Worker2Task.c'

'Building file: ../main.c'
'Invoking: ARM-GCC C Compiler'
../main.c: In function 'vApplicationStackOverflowHook':
"C:/cp/DAVE442/eclipse/ARM-GCC-49/bin/arm-none-eabi-gcc" -MMD -MT "main.o" -DXMC1100_Q024x0064 -I"C:/Workspaces/GitHub/embedded/infineon/xmc1100_freertos_spi_slave/Libraries/XMCLib/inc" -I"C:/Workspaces/GitHub/embedded/infineon/xmc1100_freertos_spi_slave/Libraries/CMSIS/Include" -I"C:/Workspaces/GitHub/embedded/infineon/xmc1100_freertos_spi_slave/Libraries/CMSIS/Infineon/XMC1100_series/Include" -I"C:/Workspaces/GitHub/embedded/infineon/xmc1100_freertos_spi_slave" -I"C:/Workspaces/GitHub/embedded/infineon/xmc1100_freertos_spi_slave/Dave/Generated" -I"C:/Workspaces/GitHub/embedded/infineon/xmc1100_freertos_spi_slave/Libraries" -O0 -ffunction-sections -fdata-sections -Wall -std=gnu99 -Wa,-adhlns="main.o.lst" -pipe -c -fmessage-length=0 -MMD -MP -MF"main.d" -MT"main.d main.o" -mcpu=cortex-m0 -mthumb -g -gdwarf-2 -o "main.o" "../main.c" 
../main.c:55:15: warning: unused variable 'bad_task_name' [-Wunused-variable]
'Finished building: ../main.c'

  signed char *bad_task_name = pcTaskName;
               ^
../main.c:54:15: warning: unused variable 'bad_task_handle' [-Wunused-variable]
  TaskHandle_t bad_task_handle = pxTask;     // this seems to give me the crashed task handle
               ^
'Building target: xmc1100_freertos_spi_slave.elf'
'Invoking: ARM-GCC C Linker'
"C:/cp/DAVE442/eclipse/ARM-GCC-49/bin/arm-none-eabi-gcc" -T"../linker_script.ld" -nostartfiles -Xlinker --gc-sections -specs=nano.specs -specs=nosys.specs -Wl,-Map,"xmc1100_freertos_spi_slave.map" -mcpu=cortex-m0 -mthumb -g -gdwarf-2 -o "xmc1100_freertos_spi_slave.elf" "@objects.rsp"  -lm
'Finished building target: xmc1100_freertos_spi_slave.elf'

'Invoking: ARM-GCC Create Flash Image'
"C:/cp/DAVE442/eclipse/ARM-GCC-49/bin/arm-none-eabi-objcopy" -O ihex "xmc1100_freertos_spi_slave.elf" "xmc1100_freertos_spi_slave.hex"
'Finished building: xmc1100_freertos_spi_slave.hex'

'Invoking: ARM-GCC Print Size'
"C:/cp/DAVE442/eclipse/ARM-GCC-49/bin/arm-none-eabi-size" --format=berkeley "xmc1100_freertos_spi_slave.elf"
   text	   data	    bss	    dec	    hex	filename
  19648	    164	   1516	  21328	   5350	xmc1100_freertos_spi_slave.elf
'Finished building: xmc1100_freertos_spi_slave.siz'

'Invoking: ARM-GCC Create Listing'
"C:/cp/DAVE442/eclipse/ARM-GCC-49/bin/arm-none-eabi-objdump" -h -S "xmc1100_freertos_spi_slave.elf" > "xmc1100_freertos_spi_slave.lst"
'Finished building: xmc1100_freertos_spi_slave.lst'

19:41:20 **** Incremental Build of configuration Debug for project xmc1100_freertos_voltdiv ****
"\"C:\\cp\\DAVE442\\eclipse\\ARM-GCC-49\\bin\\make\"" --output-sync -j4 all 
'Invoking: ARM-GCC Print Size'
"C:/cp/DAVE442/eclipse/ARM-GCC-49/bin/arm-none-eabi-size" --format=berkeley "xmc1100_freertos_voltdiv.elf"
   text	   data	    bss	    dec	    hex	filename
  10140	    104	   1504	  11748	   2de4	xmc1100_freertos_voltdiv.elf
'Finished building: xmc1100_freertos_voltdiv.siz'

19:41:28 **** Incremental Build of configuration Debug for project xmc1100_freertos_spi_slave ****
"\"C:\\cp\\DAVE442\\eclipse\\ARM-GCC-49\\bin\\make\"" --output-sync -j4 all 
'Invoking: ARM-GCC Print Size'
"C:/cp/DAVE442/eclipse/ARM-GCC-49/bin/arm-none-eabi-size" --format=berkeley "xmc1100_freertos_spi_slave.elf"
   text	   data	    bss	    dec	    hex	filename
  19648	    164	   1516	  21328	   5350	xmc1100_freertos_spi_slave.elf
'Finished building: xmc1100_freertos_spi_slave.siz'

19:42:02 **** Incremental Build of configuration Debug for project XMC1100_SPI_Master2 ****
"\"C:\\cp\\DAVE442\\eclipse\\ARM-GCC-49\\bin\\make\"" --output-sync -j4 all 
'Invoking: ARM-GCC Print Size'
"C:/cp/DAVE442/eclipse/ARM-GCC-49/bin/arm-none-eabi-size" --format=berkeley "XMC1100_SPI_Master2.elf"
   text	   data	    bss	    dec	    hex	filename
   3516	      8	   1080	   4604	   11fc	XMC1100_SPI_Master2.elf
'Finished building: XMC1100_SPI_Master2.siz'

19:42:03 **** Incremental Build of configuration Debug for project XMC1100_UART ****
"\"C:\\cp\\DAVE442\\eclipse\\ARM-GCC-49\\bin\\make\"" --output-sync -j4 all 
'Invoking: ARM-GCC Print Size'
"C:/cp/DAVE442/eclipse/ARM-GCC-49/bin/arm-none-eabi-size" --format=berkeley "XMC1100_UART.elf"
   text	   data	    bss	    dec	    hex	filename
  11268	    116	   1372	  12756	   31d4	XMC1100_UART.elf
'Finished building: XMC1100_UART.siz'

19:42:05 **** Incremental Build of configuration Debug for project xmc1100_freertos ****
"\"C:\\cp\\DAVE442\\eclipse\\ARM-GCC-49\\bin\\make\"" --output-sync -j4 all 
'Invoking: ARM-GCC Print Size'
"C:/cp/DAVE442/eclipse/ARM-GCC-49/bin/arm-none-eabi-size" --format=berkeley "xmc1100_freertos.elf"
   text	   data	    bss	    dec	    hex	filename
  10652	    104	   1544	  12300	   300c	xmc1100_freertos.elf
'Finished building: xmc1100_freertos.siz'

19:42:06 **** Incremental Build of configuration Debug for project xmc1100_freertos_spi_master ****
"\"C:\\cp\\DAVE442\\eclipse\\ARM-GCC-49\\bin\\make\"" --output-sync -j4 all 
'Invoking: ARM-GCC Print Size'
"C:/cp/DAVE442/eclipse/ARM-GCC-49/bin/arm-none-eabi-size" --format=berkeley "xmc1100_freertos_spi_master.elf"
   text	   data	    bss	    dec	    hex	filename
  16076	    188	   1460	  17724	   453c	xmc1100_freertos_spi_master.elf
'Finished building: xmc1100_freertos_spi_master.siz'

19:42:08 **** Incremental Build of configuration Debug for project xmc1100_freertos_spi_slave ****
"\"C:\\cp\\DAVE442\\eclipse\\ARM-GCC-49\\bin\\make\"" --output-sync -j4 all 
'Building file: ../ManagerTask.c'
'Invoking: ARM-GCC C Compiler'
"C:/cp/DAVE442/eclipse/ARM-GCC-49/bin/arm-none-eabi-gcc" -MMD -MT "ManagerTask.o" -DXMC1100_Q024x0064 -I"C:/Workspaces/GitHub/embedded/infineon/xmc1100_freertos_spi_slave/Libraries/XMCLib/inc" -I"C:/Workspaces/GitHub/embedded/infineon/xmc1100_freertos_spi_slave/Libraries/CMSIS/Include" -I"C:/Workspaces/GitHub/embedded/infineon/xmc1100_freertos_spi_slave/Libraries/CMSIS/Infineon/XMC1100_series/Include" -I"C:/Workspaces/GitHub/embedded/infineon/xmc1100_freertos_spi_slave" -I"C:/Workspaces/GitHub/embedded/infineon/xmc1100_freertos_spi_slave/Dave/Generated" -I"C:/Workspaces/GitHub/embedded/infineon/xmc1100_freertos_spi_slave/Libraries" -O0 -ffunction-sections -fdata-sections -Wall -std=gnu99 -Wa,-adhlns="ManagerTask.o.lst" -pipe -c -fmessage-length=0 -MMD -MP -MF"ManagerTask.d" -MT"ManagerTask.d ManagerTask.o" -mcpu=cortex-m0 -mthumb -g -gdwarf-2 -o "ManagerTask.o" "../ManagerTask.c" 
'Finished building: ../ManagerTask.c'

'Building target: xmc1100_freertos_spi_slave.elf'
'Invoking: ARM-GCC C Linker'
"C:/cp/DAVE442/eclipse/ARM-GCC-49/bin/arm-none-eabi-gcc" -T"../linker_script.ld" -nostartfiles -Xlinker --gc-sections -specs=nano.specs -specs=nosys.specs -Wl,-Map,"xmc1100_freertos_spi_slave.map" -mcpu=cortex-m0 -mthumb -g -gdwarf-2 -o "xmc1100_freertos_spi_slave.elf" "@objects.rsp"  -lm
'Finished building target: xmc1100_freertos_spi_slave.elf'

'Invoking: ARM-GCC Create Flash Image'
"C:/cp/DAVE442/eclipse/ARM-GCC-49/bin/arm-none-eabi-objcopy" -O ihex "xmc1100_freertos_spi_slave.elf" "xmc1100_freertos_spi_slave.hex"
'Finished building: xmc1100_freertos_spi_slave.hex'

'Invoking: ARM-GCC Print Size'
"C:/cp/DAVE442/eclipse/ARM-GCC-49/bin/arm-none-eabi-size" --format=berkeley "xmc1100_freertos_spi_slave.elf"
   text	   data	    bss	    dec	    hex	filename
  19648	    164	   1516	  21328	   5350	xmc1100_freertos_spi_slave.elf
'Finished building: xmc1100_freertos_spi_slave.siz'

'Invoking: ARM-GCC Create Listing'
"C:/cp/DAVE442/eclipse/ARM-GCC-49/bin/arm-none-eabi-objdump" -h -S "xmc1100_freertos_spi_slave.elf" > "xmc1100_freertos_spi_slave.lst"
'Finished building: xmc1100_freertos_spi_slave.lst'

19:42:11 **** Incremental Build of configuration Debug for project xmc1100_freertos_voltdiv ****
"\"C:\\cp\\DAVE442\\eclipse\\ARM-GCC-49\\bin\\make\"" --output-sync -j4 all 
'Invoking: ARM-GCC Print Size'
"C:/cp/DAVE442/eclipse/ARM-GCC-49/bin/arm-none-eabi-size" --format=berkeley "xmc1100_freertos_voltdiv.elf"
   text	   data	    bss	    dec	    hex	filename
  10140	    104	   1504	  11748	   2de4	xmc1100_freertos_voltdiv.elf
'Finished building: xmc1100_freertos_voltdiv.siz'

19:42:23 **** Incremental Build of configuration Debug for project xmc1100_freertos_spi_slave ****
"\"C:\\cp\\DAVE442\\eclipse\\ARM-GCC-49\\bin\\make\"" --output-sync -j4 all 
'Invoking: ARM-GCC Print Size'
"C:/cp/DAVE442/eclipse/ARM-GCC-49/bin/arm-none-eabi-size" --format=berkeley "xmc1100_freertos_spi_slave.elf"
   text	   data	    bss	    dec	    hex	filename
  19648	    164	   1516	  21328	   5350	xmc1100_freertos_spi_slave.elf
'Finished building: xmc1100_freertos_spi_slave.siz'

